     -- Logs begin at mié 2019-11-06 06:50:02 CET, end at mié 2019-11-06 20:52:17 CET. --
     nov 06 20:43:45 Frida systemd-journald[471]: Runtime journal (/run/log/journal/) is 8.0M, max 321.0M, 313.0M free.
     nov 06 20:43:45 Frida systemd-journald[471]: System journal (/var/log/journal/) is 32.0M, max 4.0G, 3.9G free.
     nov 06 20:43:45 Frida systemd-journald[471]: Time spent on flushing to /var is 16.128ms for 2 entries.
     nov 06 20:43:45 Frida kernel: Linux version 4.15.0-66-generic (buildd@lgw01-amd64-050) (gcc version 5.4.0 20160609 (Ubuntu 5.4.0-6ubuntu1~16.04.10)) #75~16.04.1-Ubuntu SMP Tue Oct 1 14:01:08 UTC 2019 (Ubuntu 4.15.0-66.75~16.04.1-generic 4.15.18)
     nov 06 20:43:45 Frida kernel: Command line: BOOT_IMAGE=/vmlinuz-4.15.0-66-generic root=UUID=935af0eb-75eb-4682-aaa7-e9601c35aa4d ro quiet splash vt.handoff=7 nouveau.modeset=0
     nov 06 20:43:45 Frida kernel: KERNEL supported cpus:
     nov 06 20:43:45 Frida kernel:   Intel GenuineIntel
     nov 06 20:43:45 Frida kernel:   AMD AuthenticAMD
     nov 06 20:43:45 Frida kernel:   Centaur CentaurHauls
     nov 06 20:43:45 Frida kernel: x86/fpu: Supporting XSAVE feature 0x001: 'x87 floating point registers'
     nov 06 20:43:45 Frida kernel: x86/fpu: Supporting XSAVE feature 0x002: 'SSE registers'
     nov 06 20:43:45 Frida kernel: x86/fpu: Supporting XSAVE feature 0x004: 'AVX registers'
     nov 06 20:43:45 Frida kernel: x86/fpu: xstate_offset[2]:  576, xstate_sizes[2]:  256
     nov 06 20:43:45 Frida kernel: x86/fpu: Enabled xstate features 0x7, context size is 832 bytes, using 'compacted' format.
     nov 06 20:43:45 Frida kernel: e820: BIOS-provided physical RAM map:
     nov 06 20:43:45 Frida kernel: BIOS-e820: [mem 0x0000000000000000-0x000000000009ffff] usable
     nov 06 20:43:45 Frida kernel: BIOS-e820: [mem 0x00000000000a0000-0x00000000000fffff] reserved
     nov 06 20:43:45 Frida kernel: BIOS-e820: [mem 0x0000000000100000-0x0000000009deffff] usable
     nov 06 20:43:45 Frida kernel: BIOS-e820: [mem 0x0000000009df0000-0x0000000009ffffff] reserved
     nov 06 20:43:45 Frida kernel: BIOS-e820: [mem 0x000000000a000000-0x000000000affffff] usable
     nov 06 20:43:45 Frida kernel: BIOS-e820: [mem 0x000000000b000000-0x000000000b01ffff] reserved
     nov 06 20:43:45 Frida kernel: BIOS-e820: [mem 0x000000000b020000-0x0000000078123fff] usable
     nov 06 20:43:45 Frida kernel: BIOS-e820: [mem 0x0000000078124000-0x000000007828dfff] reserved
     nov 06 20:43:45 Frida kernel: BIOS-e820: [mem 0x000000007828e000-0x000000007836cfff] usable
     nov 06 20:43:45 Frida kernel: BIOS-e820: [mem 0x000000007836d000-0x000000007877afff] ACPI NVS
     nov 06 20:43:45 Frida kernel: BIOS-e820: [mem 0x000000007877b000-0x0000000079943fff] reserved
     nov 06 20:43:45 Frida kernel: BIOS-e820: [mem 0x0000000079944000-0x00000000799effff] type 20
     nov 06 20:43:45 Frida kernel: BIOS-e820: [mem 0x00000000799f0000-0x000000007bffffff] usable
     nov 06 20:43:45 Frida kernel: BIOS-e820: [mem 0x000000007c000000-0x000000007fffffff] reserved
     nov 06 20:43:45 Frida kernel: BIOS-e820: [mem 0x00000000b7a00000-0x00000000b7a00fff] reserved
     nov 06 20:43:45 Frida kernel: BIOS-e820: [mem 0x00000000b7b00000-0x00000000b7b7ffff] reserved
     nov 06 20:43:45 Frida kernel: BIOS-e820: [mem 0x00000000ef800000-0x00000000ef8fffff] reserved
     nov 06 20:43:45 Frida kernel: BIOS-e820: [mem 0x00000000efc00000-0x00000000efc00fff] reserved
     nov 06 20:43:45 Frida kernel: BIOS-e820: [mem 0x00000000efd00000-0x00000000efd7ffff] reserved
     nov 06 20:43:45 Frida kernel: BIOS-e820: [mem 0x00000000fea00000-0x00000000feafffff] reserved
     nov 06 20:43:45 Frida kernel: BIOS-e820: [mem 0x00000000fec00000-0x00000000fec00fff] reserved
     nov 06 20:43:45 Frida kernel: BIOS-e820: [mem 0x00000000fec10000-0x00000000fec10fff] reserved
     nov 06 20:43:45 Frida kernel: BIOS-e820: [mem 0x00000000fec30000-0x00000000fec30fff] reserved
     nov 06 20:43:45 Frida kernel: BIOS-e820: [mem 0x00000000fed00000-0x00000000fed00fff] reserved
     nov 06 20:43:45 Frida kernel: BIOS-e820: [mem 0x00000000fed40000-0x00000000fed44fff] reserved
     nov 06 20:43:45 Frida kernel: BIOS-e820: [mem 0x00000000fed80000-0x00000000fed8ffff] reserved
     nov 06 20:43:45 Frida kernel: BIOS-e820: [mem 0x00000000fedc0000-0x00000000fedc0fff] reserved
     nov 06 20:43:45 Frida kernel: BIOS-e820: [mem 0x00000000fedc2000-0x00000000fedcffff] reserved
     nov 06 20:43:45 Frida kernel: BIOS-e820: [mem 0x00000000fedd4000-0x00000000fedd5fff] reserved
     nov 06 20:43:45 Frida kernel: BIOS-e820: [mem 0x00000000fee00000-0x00000000feefffff] reserved
     nov 06 20:43:45 Frida kernel: BIOS-e820: [mem 0x00000000ff000000-0x00000000ffffffff] reserved
     nov 06 20:43:45 Frida kernel: BIOS-e820: [mem 0x0000000100000000-0x000000087f2fffff] usable
     nov 06 20:43:45 Frida kernel: BIOS-e820: [mem 0x000000087f300000-0x000000087fffffff] reserved
     nov 06 20:43:45 Frida kernel: NX (Execute Disable) protection: active
     nov 06 20:43:45 Frida kernel: efi: EFI v2.70 by American Megatrends
     nov 06 20:43:45 Frida kernel: efi:  ACPI 2.0=0x7836d000  ACPI=0x7836d000  SMBIOS=0x7980b000  SMBIOS 3.0=0x7980a000  MPS=0xfcb70  ESRT=0x74b4be18 
     nov 06 20:43:45 Frida kernel: secureboot: Secure boot could not be determined (mode 0)
     nov 06 20:43:45 Frida kernel: SMBIOS 3.1.1 present.
     nov 06 20:43:45 Frida kernel: DMI: Gigabyte Technology Co., Ltd. X399 AORUS Gaming 7/X399 AORUS Gaming 7, BIOS F12e 03/05/2019
     nov 06 20:43:45 Frida kernel: e820: update [mem 0x00000000-0x00000fff] usable ==> reserved
     nov 06 20:43:45 Frida kernel: e820: remove [mem 0x000a0000-0x000fffff] usable
     nov 06 20:43:45 Frida kernel: e820: last_pfn = 0x87f300 max_arch_pfn = 0x400000000
     nov 06 20:43:45 Frida kernel: MTRR default type: uncachable
     nov 06 20:43:45 Frida kernel: MTRR fixed ranges enabled:
     nov 06 20:43:45 Frida kernel:   00000-9FFFF write-back
     nov 06 20:43:45 Frida kernel:   A0000-BFFFF uncachable
     nov 06 20:43:45 Frida kernel:   C0000-FFFFF write-protect
     nov 06 20:43:45 Frida kernel: MTRR variable ranges enabled:
     nov 06 20:43:45 Frida kernel:   0 base 000000000000 mask FFFF80000000 write-back
     nov 06 20:43:45 Frida kernel:   1 base 00007C000000 mask FFFFFC000000 uncachable
     nov 06 20:43:45 Frida kernel:   2 disabled
     nov 06 20:43:45 Frida kernel:   3 disabled
     nov 06 20:43:45 Frida kernel:   4 disabled
     nov 06 20:43:45 Frida kernel:   5 disabled
     nov 06 20:43:45 Frida kernel:   6 disabled
     nov 06 20:43:45 Frida kernel:   7 disabled
     nov 06 20:43:45 Frida kernel: TOM2: 0000000880000000 aka 34816M
     nov 06 20:43:45 Frida kernel: x86/PAT: Configuration [0-7]: WB  WC  UC- UC  WB  WP  UC- WT  
     nov 06 20:43:45 Frida kernel: total RAM covered: 1984M
     nov 06 20:43:45 Frida kernel: Found optimal setting for mtrr clean up
     nov 06 20:43:45 Frida kernel:  gran_size: 64K         chunk_size: 128M         num_reg: 2          lose cover RAM: 0G
     nov 06 20:43:45 Frida kernel: e820: update [mem 0x7c000000-0xffffffff] usable ==> reserved
     nov 06 20:43:45 Frida kernel: e820: last_pfn = 0x7c000 max_arch_pfn = 0x400000000
     nov 06 20:43:45 Frida kernel: found SMP MP-table at [mem 0x000fcf30-0x000fcf3f]
     nov 06 20:43:45 Frida kernel: esrt: Reserving ESRT space from 0x0000000074b4be18 to 0x0000000074b4be50.
     nov 06 20:43:45 Frida kernel: Scanning 1 areas for low memory corruption
     nov 06 20:43:45 Frida kernel: Using GB pages for direct mapping
     nov 06 20:43:45 Frida kernel: BRK [0x3d533f000, 0x3d533ffff] PGTABLE
     nov 06 20:43:45 Frida kernel: BRK [0x3d5340000, 0x3d5340fff] PGTABLE
     nov 06 20:43:45 Frida kernel: BRK [0x3d5341000, 0x3d5341fff] PGTABLE
     nov 06 20:43:45 Frida kernel: BRK [0x3d5342000, 0x3d5342fff] PGTABLE
     nov 06 20:43:45 Frida kernel: BRK [0x3d5343000, 0x3d5343fff] PGTABLE
     nov 06 20:43:45 Frida kernel: BRK [0x3d5344000, 0x3d5344fff] PGTABLE
     nov 06 20:43:45 Frida kernel: BRK [0x3d5345000, 0x3d5345fff] PGTABLE
     nov 06 20:43:45 Frida kernel: BRK [0x3d5346000, 0x3d5346fff] PGTABLE
     nov 06 20:43:45 Frida kernel: BRK [0x3d5347000, 0x3d5347fff] PGTABLE
     nov 06 20:43:45 Frida kernel: BRK [0x3d5348000, 0x3d5348fff] PGTABLE
     nov 06 20:43:45 Frida kernel: BRK [0x3d5349000, 0x3d5349fff] PGTABLE
     nov 06 20:43:45 Frida kernel: BRK [0x3d534a000, 0x3d534afff] PGTABLE
     nov 06 20:43:45 Frida kernel: RAMDISK: [mem 0x2fd62000-0x33ea8fff]
     nov 06 20:43:45 Frida kernel: ACPI: Early table checksum verification disabled
     nov 06 20:43:45 Frida kernel: ACPI: RSDP 0x000000007836D000 000024 (v02 AMD   )
     nov 06 20:43:45 Frida kernel: ACPI: XSDT 0x000000007836D0B0 0000DC (v01 AMD    A M I    03242016 AMI  00010013)
     nov 06 20:43:45 Frida kernel: ACPI: FACP 0x00000000783782C8 000114 (v06 AMD    A M I    03242016 AMI  00010013)
     nov 06 20:43:45 Frida kernel: ACPI: DSDT 0x000000007836D220 00B0A2 (v02 AMD    A M I    03242016 INTL 20160930)
     nov 06 20:43:45 Frida kernel: ACPI: FACS 0x0000000078778700 000040
     nov 06 20:43:45 Frida kernel: ACPI: APIC 0x00000000783783E0 00046A (v03 AMD    A M I    03242016 AMI  00010013)
     nov 06 20:43:45 Frida kernel: ACPI: FPDT 0x0000000078378850 000044 (v01 AMD    A M I    03242016 AMI  00010013)
     nov 06 20:43:45 Frida kernel: ACPI: FIDT 0x0000000078378898 00009C (v01 AMD    A M I    03242016 AMI  00010013)
     nov 06 20:43:45 Frida kernel: ACPI: SSDT 0x0000000078378938 008C4C (v02 AMD    A M I    00000002 MSFT 04000000)
     nov 06 20:43:45 Frida kernel: ACPI: SSDT 0x0000000078381588 0000FC (v02 AMD    A M I    03242016 AMI  03242016)
     nov 06 20:43:45 Frida kernel: ACPI: SSDT 0x0000000078381688 002ECA (v01 AMD    A M I    00000001 INTL 20160930)
     nov 06 20:43:45 Frida kernel: ACPI: MCFG 0x0000000078384558 00003C (v01 AMD    A M I    03242016 MSFT 00010013)
     nov 06 20:43:45 Frida kernel: ACPI: SSDT 0x0000000078384598 0049FF (v01 AMD    A M I    00000001 INTL 20160930)
     nov 06 20:43:45 Frida kernel: ACPI: SSDT 0x0000000078388F98 002314 (v01 AMD    A M I    00000001 AMD  00000001)
     nov 06 20:43:45 Frida kernel: ACPI: SRAT 0x000000007838B2B0 0001A8 (v03 AMD    A M I    00000001 AMD  00000001)
     nov 06 20:43:45 Frida kernel: ACPI: MSCT 0x000000007838B458 000064 (v01 AMD    A M I    00000000 AMD  00000001)
     nov 06 20:43:45 Frida kernel: ACPI: SLIT 0x000000007838B4C0 000030 (v01 AMD    A M I    00000001 AMD  00000001)
     nov 06 20:43:45 Frida kernel: ACPI: CRAT 0x000000007838B4F0 000F78 (v01 AMD    A M I    00000001 AMD  00000001)
     nov 06 20:43:45 Frida kernel: ACPI: CDIT 0x000000007838C468 00002C (v01 AMD    A M I    00000001 AMD  00000001)
     nov 06 20:43:45 Frida kernel: ACPI: HPET 0x000000007838C498 000038 (v01 AMD    A M I    03242016 AMI  00000005)
     nov 06 20:43:45 Frida kernel: ACPI: SSDT 0x000000007838C4D0 000024 (v01 AMD    A M I    00001000 INTL 20160930)
     nov 06 20:43:45 Frida kernel: ACPI: UEFI 0x000000007838C4F8 000048 (v01 AMD    A M I    00000002      01000013)
     nov 06 20:43:45 Frida kernel: ACPI: BGRT 0x000000007838C540 000038 (v01 AMD    A M I    03242016 AMI  00010013)
     nov 06 20:43:45 Frida kernel: ACPI: IVRS 0x000000007838C578 0000D0 (v02 AMD    A M I    00000001 AMD  00000000)
     nov 06 20:43:45 Frida kernel: ACPI: SSDT 0x000000007838C648 001B93 (v01 AMD    A M I    00000001 INTL 20160930)
     nov 06 20:43:45 Frida kernel: ACPI: SSDT 0x000000007838E1E0 0000F8 (v01 AMD    A M I    00001000 INTL 20160930)
     nov 06 20:43:45 Frida kernel: ACPI: WSMT 0x000000007838E2D8 000028 (v01 AMD    A M I    03242016 AMI  00010013)
     nov 06 20:43:45 Frida kernel: ACPI: Local APIC address 0xfee00000
     nov 06 20:43:45 Frida kernel: SRAT: PXM 0 -> APIC 0x00 -> Node 0
     nov 06 20:43:45 Frida kernel: SRAT: PXM 0 -> APIC 0x01 -> Node 0
     nov 06 20:43:45 Frida kernel: SRAT: PXM 0 -> APIC 0x02 -> Node 0
     nov 06 20:43:45 Frida kernel: SRAT: PXM 0 -> APIC 0x03 -> Node 0
     nov 06 20:43:45 Frida kernel: SRAT: PXM 0 -> APIC 0x04 -> Node 0
     nov 06 20:43:45 Frida kernel: SRAT: PXM 0 -> APIC 0x05 -> Node 0
     nov 06 20:43:45 Frida kernel: SRAT: PXM 0 -> APIC 0x06 -> Node 0
     nov 06 20:43:45 Frida kernel: SRAT: PXM 0 -> APIC 0x07 -> Node 0
     nov 06 20:43:45 Frida kernel: SRAT: PXM 1 -> APIC 0x10 -> Node 1
     nov 06 20:43:45 Frida kernel: SRAT: PXM 1 -> APIC 0x11 -> Node 1
     nov 06 20:43:45 Frida kernel: SRAT: PXM 1 -> APIC 0x12 -> Node 1
     nov 06 20:43:45 Frida kernel: SRAT: PXM 1 -> APIC 0x13 -> Node 1
     nov 06 20:43:45 Frida kernel: SRAT: PXM 1 -> APIC 0x14 -> Node 1
     nov 06 20:43:45 Frida kernel: SRAT: PXM 1 -> APIC 0x15 -> Node 1
     nov 06 20:43:45 Frida kernel: SRAT: PXM 1 -> APIC 0x16 -> Node 1
     nov 06 20:43:45 Frida kernel: SRAT: PXM 1 -> APIC 0x17 -> Node 1
     nov 06 20:43:45 Frida kernel: ACPI: SRAT: Node 0 PXM 0 [mem 0x00000000-0x0009ffff]
     nov 06 20:43:45 Frida kernel: ACPI: SRAT: Node 0 PXM 0 [mem 0x00100000-0x7fffffff]
     nov 06 20:43:45 Frida kernel: ACPI: SRAT: Node 0 PXM 0 [mem 0x100000000-0x87fffffff]
     nov 06 20:43:45 Frida kernel: NUMA: Initialized distance table, cnt=2
     nov 06 20:43:45 Frida kernel: NUMA: Node 0 [mem 0x00000000-0x0009ffff] + [mem 0x00100000-0x7fffffff] -> [mem 0x00000000-0x7fffffff]
     nov 06 20:43:45 Frida kernel: NUMA: Node 0 [mem 0x00000000-0x7fffffff] + [mem 0x100000000-0x87f2fffff] -> [mem 0x00000000-0x87f2fffff]
     nov 06 20:43:45 Frida kernel: NODE_DATA(0) allocated [mem 0x87f2d4000-0x87f2fefff]
     nov 06 20:43:45 Frida kernel: tsc: Fast TSC calibration failed
     nov 06 20:43:45 Frida kernel: tsc: Using PIT calibration value
     nov 06 20:43:45 Frida kernel: Zone ranges:
     nov 06 20:43:45 Frida kernel:   DMA      [mem 0x0000000000001000-0x0000000000ffffff]
     nov 06 20:43:45 Frida kernel:   DMA32    [mem 0x0000000001000000-0x00000000ffffffff]
     nov 06 20:43:45 Frida kernel:   Normal   [mem 0x0000000100000000-0x000000087f2fffff]
     nov 06 20:43:45 Frida kernel:   Device   empty
     nov 06 20:43:45 Frida kernel: Movable zone start for each node
     nov 06 20:43:45 Frida kernel: Early memory node ranges
     nov 06 20:43:45 Frida kernel:   node   0: [mem 0x0000000000001000-0x000000000009ffff]
     nov 06 20:43:45 Frida kernel:   node   0: [mem 0x0000000000100000-0x0000000009deffff]
     nov 06 20:43:45 Frida kernel:   node   0: [mem 0x000000000a000000-0x000000000affffff]
     nov 06 20:43:45 Frida kernel:   node   0: [mem 0x000000000b020000-0x0000000078123fff]
     nov 06 20:43:45 Frida kernel:   node   0: [mem 0x000000007828e000-0x000000007836cfff]
     nov 06 20:43:45 Frida kernel:   node   0: [mem 0x00000000799f0000-0x000000007bffffff]
     nov 06 20:43:45 Frida kernel:   node   0: [mem 0x0000000100000000-0x000000087f2fffff]
     nov 06 20:43:45 Frida kernel: Reserved but unavailable: 97 pages
     nov 06 20:43:45 Frida kernel: Initmem setup node 0 [mem 0x0000000000001000-0x000000087f2fffff]
     nov 06 20:43:45 Frida kernel: On node 0 totalpages: 8362114
     nov 06 20:43:45 Frida kernel:   DMA zone: 64 pages used for memmap
     nov 06 20:43:45 Frida kernel:   DMA zone: 27 pages reserved
     nov 06 20:43:45 Frida kernel:   DMA zone: 3999 pages, LIFO batch:0
     nov 06 20:43:45 Frida kernel:   DMA32 zone: 7768 pages used for memmap
     nov 06 20:43:45 Frida kernel:   DMA32 zone: 497123 pages, LIFO batch:31
     nov 06 20:43:45 Frida kernel:   Normal zone: 122828 pages used for memmap
     nov 06 20:43:45 Frida kernel:   Normal zone: 7860992 pages, LIFO batch:31
     nov 06 20:43:45 Frida kernel: ACPI: PM-Timer IO Port: 0x808
     nov 06 20:43:45 Frida kernel: ACPI: Local APIC address 0xfee00000
     nov 06 20:43:45 Frida kernel: ACPI: LAPIC_NMI (acpi_id[0xff] high edge lint[0x1])
     nov 06 20:43:45 Frida kernel: IOAPIC[0]: apic_id 128, version 33, address 0xfec00000, GSI 0-23
     nov 06 20:43:45 Frida kernel: IOAPIC[1]: apic_id 129, version 33, address 0xefc00000, GSI 24-55
     nov 06 20:43:45 Frida kernel: IOAPIC[2]: apic_id 130, version 33, address 0xb7a00000, GSI 56-87
     nov 06 20:43:45 Frida kernel: ACPI: INT_SRC_OVR (bus 0 bus_irq 0 global_irq 2 dfl dfl)
     nov 06 20:43:45 Frida kernel: ACPI: INT_SRC_OVR (bus 0 bus_irq 9 global_irq 9 low level)
     nov 06 20:43:45 Frida kernel: ACPI: IRQ0 used by override.
     nov 06 20:43:45 Frida kernel: ACPI: IRQ9 used by override.
     nov 06 20:43:45 Frida kernel: Using ACPI (MADT) for SMP configuration information
     nov 06 20:43:45 Frida kernel: ACPI: HPET id: 0x10228201 base: 0xfed00000
     nov 06 20:43:45 Frida kernel: smpboot: Allowing 128 CPUs, 112 hotplug CPUs
     nov 06 20:43:45 Frida kernel: NODE_DATA(1) allocated [mem 0x87f2a3000-0x87f2cdfff]
     nov 06 20:43:45 Frida kernel:     NODE_DATA(1) on node 0
     nov 06 20:43:45 Frida kernel: Initmem setup node 1 [mem 0x0000000000000000-0x0000000000000000]
     nov 06 20:43:45 Frida kernel: On node 1 totalpages: 0
     nov 06 20:43:45 Frida kernel: PM: Registered nosave memory: [mem 0x00000000-0x00000fff]
     nov 06 20:43:45 Frida kernel: PM: Registered nosave memory: [mem 0x000a0000-0x000fffff]
     nov 06 20:43:45 Frida kernel: PM: Registered nosave memory: [mem 0x09df0000-0x09ffffff]
     nov 06 20:43:45 Frida kernel: PM: Registered nosave memory: [mem 0x0b000000-0x0b01ffff]
     nov 06 20:43:45 Frida kernel: PM: Registered nosave memory: [mem 0x78124000-0x7828dfff]
     nov 06 20:43:45 Frida kernel: PM: Registered nosave memory: [mem 0x7836d000-0x7877afff]
     nov 06 20:43:45 Frida kernel: PM: Registered nosave memory: [mem 0x7877b000-0x79943fff]
     nov 06 20:43:45 Frida kernel: PM: Registered nosave memory: [mem 0x79944000-0x799effff]
     nov 06 20:43:45 Frida kernel: PM: Registered nosave memory: [mem 0x7c000000-0x7fffffff]
     nov 06 20:43:45 Frida kernel: PM: Registered nosave memory: [mem 0x80000000-0xb79fffff]
     nov 06 20:43:45 Frida kernel: PM: Registered nosave memory: [mem 0xb7a00000-0xb7a00fff]
     nov 06 20:43:45 Frida kernel: PM: Registered nosave memory: [mem 0xb7a01000-0xb7afffff]
     nov 06 20:43:45 Frida kernel: PM: Registered nosave memory: [mem 0xb7b00000-0xb7b7ffff]
     nov 06 20:43:45 Frida kernel: PM: Registered nosave memory: [mem 0xb7b80000-0xef7fffff]
     nov 06 20:43:45 Frida kernel: PM: Registered nosave memory: [mem 0xef800000-0xef8fffff]
     nov 06 20:43:45 Frida kernel: PM: Registered nosave memory: [mem 0xef900000-0xefbfffff]
     nov 06 20:43:45 Frida kernel: PM: Registered nosave memory: [mem 0xefc00000-0xefc00fff]
     nov 06 20:43:45 Frida kernel: PM: Registered nosave memory: [mem 0xefc01000-0xefcfffff]
     nov 06 20:43:45 Frida kernel: PM: Registered nosave memory: [mem 0xefd00000-0xefd7ffff]
     nov 06 20:43:45 Frida kernel: PM: Registered nosave memory: [mem 0xefd80000-0xfe9fffff]
     nov 06 20:43:45 Frida kernel: PM: Registered nosave memory: [mem 0xfea00000-0xfeafffff]
     nov 06 20:43:45 Frida kernel: PM: Registered nosave memory: [mem 0xfeb00000-0xfebfffff]
     nov 06 20:43:45 Frida kernel: PM: Registered nosave memory: [mem 0xfec00000-0xfec00fff]
     nov 06 20:43:45 Frida kernel: PM: Registered nosave memory: [mem 0xfec01000-0xfec0ffff]
     nov 06 20:43:45 Frida kernel: PM: Registered nosave memory: [mem 0xfec10000-0xfec10fff]
     nov 06 20:43:45 Frida kernel: PM: Registered nosave memory: [mem 0xfec11000-0xfec2ffff]
     nov 06 20:43:45 Frida kernel: PM: Registered nosave memory: [mem 0xfec30000-0xfec30fff]
     nov 06 20:43:45 Frida kernel: PM: Registered nosave memory: [mem 0xfec31000-0xfecfffff]
     nov 06 20:43:45 Frida kernel: PM: Registered nosave memory: [mem 0xfed00000-0xfed00fff]
     nov 06 20:43:45 Frida kernel: PM: Registered nosave memory: [mem 0xfed01000-0xfed3ffff]
     nov 06 20:43:45 Frida kernel: PM: Registered nosave memory: [mem 0xfed40000-0xfed44fff]
     nov 06 20:43:45 Frida kernel: PM: Registered nosave memory: [mem 0xfed45000-0xfed7ffff]
     nov 06 20:43:45 Frida kernel: PM: Registered nosave memory: [mem 0xfed80000-0xfed8ffff]
     nov 06 20:43:45 Frida kernel: PM: Registered nosave memory: [mem 0xfed90000-0xfedbffff]
     nov 06 20:43:45 Frida kernel: PM: Registered nosave memory: [mem 0xfedc0000-0xfedc0fff]
     nov 06 20:43:45 Frida kernel: PM: Registered nosave memory: [mem 0xfedc1000-0xfedc1fff]
     nov 06 20:43:45 Frida kernel: PM: Registered nosave memory: [mem 0xfedc2000-0xfedcffff]
     nov 06 20:43:45 Frida kernel: PM: Registered nosave memory: [mem 0xfedd0000-0xfedd3fff]
     nov 06 20:43:45 Frida kernel: PM: Registered nosave memory: [mem 0xfedd4000-0xfedd5fff]
     nov 06 20:43:45 Frida kernel: PM: Registered nosave memory: [mem 0xfedd6000-0xfedfffff]
     nov 06 20:43:45 Frida kernel: PM: Registered nosave memory: [mem 0xfee00000-0xfeefffff]
     nov 06 20:43:45 Frida kernel: PM: Registered nosave memory: [mem 0xfef00000-0xfeffffff]
     nov 06 20:43:45 Frida kernel: PM: Registered nosave memory: [mem 0xff000000-0xffffffff]
     nov 06 20:43:45 Frida kernel: e820: [mem 0xb7b80000-0xef7fffff] available for PCI devices
     nov 06 20:43:45 Frida kernel: Booting paravirtualized kernel on bare hardware
     nov 06 20:43:45 Frida kernel: clocksource: refined-jiffies: mask: 0xffffffff max_cycles: 0xffffffff, max_idle_ns: 7645519600211568 ns
     nov 06 20:43:45 Frida kernel: random: get_random_bytes called from start_kernel+0x99/0x51b with crng_init=0
     nov 06 20:43:45 Frida kernel: setup_percpu: NR_CPUS:8192 nr_cpumask_bits:128 nr_cpu_ids:128 nr_node_ids:2
     nov 06 20:43:45 Frida kernel: percpu: Embedded 46 pages/cpu s151552 r8192 d28672 u262144
     nov 06 20:43:45 Frida kernel: pcpu-alloc: s151552 r8192 d28672 u262144 alloc=1*2097152
     nov 06 20:43:45 Frida kernel: pcpu-alloc: [0] 000 001 002 003 008 009 010 011 
     nov 06 20:43:45 Frida kernel: pcpu-alloc: [0] 016 017 018 019 020 021 022 023 
     nov 06 20:43:45 Frida kernel: pcpu-alloc: [0] 024 025 026 027 028 029 030 031 
     nov 06 20:43:45 Frida kernel: pcpu-alloc: [0] 032 033 034 035 036 037 038 039 
     nov 06 20:43:45 Frida kernel: pcpu-alloc: [0] 040 041 042 043 044 045 046 047 
     nov 06 20:43:45 Frida kernel: pcpu-alloc: [0] 048 049 050 051 052 053 054 055 
     nov 06 20:43:45 Frida kernel: pcpu-alloc: [0] 056 057 058 059 060 061 062 063 
     nov 06 20:43:45 Frida kernel: pcpu-alloc: [0] 064 065 066 067 068 069 070 071 
     nov 06 20:43:45 Frida kernel: pcpu-alloc: [0] 072 073 074 075 076 077 078 079 
     nov 06 20:43:45 Frida kernel: pcpu-alloc: [0] 080 081 082 083 084 085 086 087 
     nov 06 20:43:45 Frida kernel: pcpu-alloc: [0] 088 089 090 091 092 093 094 095 
     nov 06 20:43:45 Frida kernel: pcpu-alloc: [0] 096 097 098 099 100 101 102 103 
     nov 06 20:43:45 Frida kernel: pcpu-alloc: [0] 104 105 106 107 108 109 110 111 
     nov 06 20:43:45 Frida kernel: pcpu-alloc: [0] 112 113 114 115 116 117 118 119 
     nov 06 20:43:45 Frida kernel: pcpu-alloc: [0] 120 121 122 123 124 125 126 127 
     nov 06 20:43:45 Frida kernel: pcpu-alloc: [1] 004 005 006 007 012 013 014 015 
     nov 06 20:43:45 Frida kernel: Built 2 zonelists, mobility grouping on.  Total pages: 8231427
     nov 06 20:43:45 Frida kernel: Policy zone: Normal
     nov 06 20:43:45 Frida kernel: Kernel command line: BOOT_IMAGE=/vmlinuz-4.15.0-66-generic root=UUID=935af0eb-75eb-4682-aaa7-e9601c35aa4d ro quiet splash vt.handoff=7 nouveau.modeset=0
     nov 06 20:43:45 Frida kernel: log_buf_len individual max cpu contribution: 4096 bytes
     nov 06 20:43:45 Frida kernel: log_buf_len total cpu_extra contributions: 520192 bytes
     nov 06 20:43:45 Frida kernel: log_buf_len min size: 262144 bytes
     nov 06 20:43:45 Frida kernel: log_buf_len: 1048576 bytes
     nov 06 20:43:45 Frida kernel: early log buf free: 243680(92%)
     nov 06 20:43:45 Frida kernel: Calgary: detecting Calgary via BIOS EBDA area
     nov 06 20:43:45 Frida kernel: Calgary: Unable to locate Rio Grande table in EBDA - bailing!
     nov 06 20:43:45 Frida kernel: Memory: 32562316K/33448456K available (12300K kernel code, 2480K rwdata, 4208K rodata, 2428K init, 2388K bss, 886140K reserved, 0K cma-reserved)
     nov 06 20:43:45 Frida kernel: SLUB: HWalign=64, Order=0-3, MinObjects=0, CPUs=128, Nodes=2
     nov 06 20:43:45 Frida kernel: ftrace: allocating 39287 entries in 154 pages
     nov 06 20:43:45 Frida kernel: Hierarchical RCU implementation.
     nov 06 20:43:45 Frida kernel:         RCU restricting CPUs from NR_CPUS=8192 to nr_cpu_ids=128.
     nov 06 20:43:45 Frida kernel:         Tasks RCU enabled.
     nov 06 20:43:45 Frida kernel: RCU: Adjusting geometry for rcu_fanout_leaf=16, nr_cpu_ids=128
     nov 06 20:43:45 Frida kernel: NR_IRQS: 524544, nr_irqs: 2536, preallocated irqs: 16
     nov 06 20:43:45 Frida kernel: vt handoff: transparent VT on vt#7
     nov 06 20:43:45 Frida kernel: Console: colour dummy device 80x25
     nov 06 20:43:45 Frida kernel: console [tty0] enabled
     nov 06 20:43:45 Frida kernel: mempolicy: Enabling automatic NUMA balancing. Configure with numa_balancing= or the kernel.numa_balancing sysctl
     nov 06 20:43:45 Frida kernel: ACPI: Core revision 20170831
     nov 06 20:43:45 Frida kernel: ACPI: 9 ACPI AML tables successfully acquired and loaded
     nov 06 20:43:45 Frida kernel: clocksource: hpet: mask: 0xffffffff max_cycles: 0xffffffff, max_idle_ns: 133484873504 ns
     nov 06 20:43:45 Frida kernel: hpet clockevent registered
     nov 06 20:43:45 Frida kernel: APIC: Switch to symmetric I/O mode setup
     nov 06 20:43:45 Frida kernel: [Firmware Bug]: AMD-Vi: IOAPIC[130] not in IVRS table
     nov 06 20:43:45 Frida kernel: AMD-Vi: Disabling interrupt remapping
     nov 06 20:43:45 Frida kernel: Switched APIC routing to physical flat.
     nov 06 20:43:45 Frida kernel: ..TIMER: vector=0x30 apic1=0 pin1=2 apic2=-1 pin2=-1
     nov 06 20:43:45 Frida kernel: tsc: Fast TSC calibration failed
     nov 06 20:43:45 Frida kernel: tsc: PIT calibration matches HPET. 1 loops
     nov 06 20:43:45 Frida kernel: tsc: Detected 3792.516 MHz processor
     nov 06 20:43:45 Frida kernel: Calibrating delay loop (skipped), value calculated using timer frequency.. 7585.03 BogoMIPS (lpj=15170064)
     nov 06 20:43:45 Frida kernel: pid_max: default: 131072 minimum: 1024
     nov 06 20:43:45 Frida kernel: Security Framework initialized
     nov 06 20:43:45 Frida kernel: Yama: becoming mindful.
     nov 06 20:43:45 Frida kernel: AppArmor: AppArmor initialized
     nov 06 20:43:45 Frida kernel: Dentry cache hash table entries: 4194304 (order: 13, 33554432 bytes)
     nov 06 20:43:45 Frida kernel: Inode-cache hash table entries: 2097152 (order: 12, 16777216 bytes)
     nov 06 20:43:45 Frida kernel: Mount-cache hash table entries: 65536 (order: 7, 524288 bytes)
     nov 06 20:43:45 Frida kernel: Mountpoint-cache hash table entries: 65536 (order: 7, 524288 bytes)
     nov 06 20:43:45 Frida kernel: LVT offset 1 assigned for vector 0xf9
     nov 06 20:43:45 Frida kernel: LVT offset 2 assigned for vector 0xf4
     nov 06 20:43:45 Frida kernel: Last level iTLB entries: 4KB 1024, 2MB 1024, 4MB 512
     nov 06 20:43:45 Frida kernel: Last level dTLB entries: 4KB 1536, 2MB 1536, 4MB 768, 1GB 0
     nov 06 20:43:45 Frida kernel: Spectre V1 : Mitigation: usercopy/swapgs barriers and __user pointer sanitization
     nov 06 20:43:45 Frida kernel: Spectre V2 : Mitigation: Full AMD retpoline
     nov 06 20:43:45 Frida kernel: Spectre V2 : Spectre v2 / SpectreRSB mitigation: Filling RSB on context switch
     nov 06 20:43:45 Frida kernel: Spectre V2 : mitigation: Enabling conditional Indirect Branch Prediction Barrier
     nov 06 20:43:45 Frida kernel: Spectre V2 : User space: Vulnerable
     nov 06 20:43:45 Frida kernel: Speculative Store Bypass: Mitigation: Speculative Store Bypass disabled via prctl and seccomp
     nov 06 20:43:45 Frida kernel: Freeing SMP alternatives memory: 36K
     nov 06 20:43:45 Frida kernel: smpboot: CPU0: AMD Ryzen Threadripper 1900X 8-Core Processor (family: 0x17, model: 0x1, stepping: 0x1)
     nov 06 20:43:45 Frida kernel: Performance Events: Fam17h core perfctr, AMD PMU driver.
     nov 06 20:43:45 Frida kernel: ... version:                0
     nov 06 20:43:45 Frida kernel: ... bit width:              48
     nov 06 20:43:45 Frida kernel: ... generic registers:      6
     nov 06 20:43:45 Frida kernel: ... value mask:             0000ffffffffffff
     nov 06 20:43:45 Frida kernel: ... max period:             00007fffffffffff
     nov 06 20:43:45 Frida kernel: ... fixed-purpose events:   0
     nov 06 20:43:45 Frida kernel: ... event mask:             000000000000003f
     nov 06 20:43:45 Frida kernel: Hierarchical SRCU implementation.
     nov 06 20:43:45 Frida kernel: NMI watchdog: Enabled. Permanently consumes one hw-PMU counter.
     nov 06 20:43:45 Frida kernel: smp: Bringing up secondary CPUs ...
     nov 06 20:43:45 Frida kernel: x86: Booting SMP configuration:
     nov 06 20:43:45 Frida kernel: .... node  #0, CPUs:          #1   #2   #3
     nov 06 20:43:45 Frida kernel: .... node  #1, CPUs:     #4   #5   #6   #7
     nov 06 20:43:45 Frida kernel: .... node  #0, CPUs:     #8   #9  #10  #11
     nov 06 20:43:45 Frida kernel: .... node  #1, CPUs:    #12  #13  #14  #15
     nov 06 20:43:45 Frida kernel: smp: Brought up 2 nodes, 16 CPUs
     nov 06 20:43:45 Frida kernel: smpboot: Max logical packages: 8
     nov 06 20:43:45 Frida kernel: smpboot: Total of 16 processors activated (121360.51 BogoMIPS)
     nov 06 20:43:45 Frida kernel: devtmpfs: initialized
     nov 06 20:43:45 Frida kernel: x86/mm: Memory block size: 128MB
     nov 06 20:43:45 Frida kernel: evm: security.selinux
     nov 06 20:43:45 Frida kernel: evm: security.SMACK64
     nov 06 20:43:45 Frida kernel: evm: security.SMACK64EXEC
     nov 06 20:43:45 Frida kernel: evm: security.SMACK64TRANSMUTE
     nov 06 20:43:45 Frida kernel: evm: security.SMACK64MMAP
     nov 06 20:43:45 Frida kernel: evm: security.apparmor
     nov 06 20:43:45 Frida kernel: evm: security.ima
     nov 06 20:43:45 Frida kernel: evm: security.capability
     nov 06 20:43:45 Frida kernel: PM: Registering ACPI NVS region [mem 0x7836d000-0x7877afff] (4251648 bytes)
     nov 06 20:43:45 Frida kernel: clocksource: jiffies: mask: 0xffffffff max_cycles: 0xffffffff, max_idle_ns: 7645041785100000 ns
     nov 06 20:43:45 Frida kernel: futex hash table entries: 32768 (order: 9, 2097152 bytes)
     nov 06 20:43:45 Frida kernel: pinctrl core: initialized pinctrl subsystem
     nov 06 20:43:45 Frida kernel: RTC time: 19:43:36, date: 11/06/19
     nov 06 20:43:45 Frida kernel: NET: Registered protocol family 16
     nov 06 20:43:45 Frida kernel: audit: initializing netlink subsys (disabled)
     nov 06 20:43:45 Frida kernel: audit: type=2000 audit(1573069415.196:1): state=initialized audit_enabled=0 res=1
     nov 06 20:43:45 Frida kernel: cpuidle: using governor ladder
     nov 06 20:43:45 Frida kernel: cpuidle: using governor menu
     nov 06 20:43:45 Frida kernel: ACPI: bus type PCI registered
     nov 06 20:43:45 Frida kernel: acpiphp: ACPI Hot Plug PCI Controller Driver version: 0.5
     nov 06 20:43:45 Frida kernel: PCI: MMCONFIG for domain 0000 [bus 00-7f] at [mem 0xf0000000-0xf7ffffff] (base 0xf0000000)
     nov 06 20:43:45 Frida kernel: PCI: not using MMCONFIG
     nov 06 20:43:45 Frida kernel: PCI: Using configuration type 1 for base access
     nov 06 20:43:45 Frida kernel: PCI: Using configuration type 1 for extended access
     nov 06 20:43:45 Frida kernel: HugeTLB registered 1.00 GiB page size, pre-allocated 0 pages
     nov 06 20:43:45 Frida kernel: HugeTLB registered 2.00 MiB page size, pre-allocated 0 pages
     nov 06 20:43:45 Frida kernel: ACPI: Added _OSI(Module Device)
     nov 06 20:43:45 Frida kernel: ACPI: Added _OSI(Processor Device)
     nov 06 20:43:45 Frida kernel: ACPI: Added _OSI(3.0 _SCP Extensions)
     nov 06 20:43:45 Frida kernel: ACPI: Added _OSI(Processor Aggregator Device)
     nov 06 20:43:45 Frida kernel: ACPI: Added _OSI(Linux-Dell-Video)
     nov 06 20:43:45 Frida kernel: ACPI: Added _OSI(Linux-Lenovo-NV-HDMI-Audio)
     nov 06 20:43:45 Frida kernel: ACPI: Added _OSI(Linux-HPI-Hybrid-Graphics)
     nov 06 20:43:45 Frida kernel: ACPI: Executed 5 blocks of module-level executable AML code
     nov 06 20:43:45 Frida kernel: ACPI: Interpreter enabled
     nov 06 20:43:45 Frida kernel: ACPI: (supports S0 S3 S4 S5)
     nov 06 20:43:45 Frida kernel: ACPI: Using IOAPIC for interrupt routing
     nov 06 20:43:45 Frida kernel: PCI: MMCONFIG for domain 0000 [bus 00-7f] at [mem 0xf0000000-0xf7ffffff] (base 0xf0000000)
     nov 06 20:43:45 Frida kernel: PCI: MMCONFIG at [mem 0xf0000000-0xf7ffffff] reserved in ACPI motherboard resources
     nov 06 20:43:45 Frida kernel: PCI: Using host bridge windows from ACPI; if necessary, use "pci=nocrs" and report a bug
     nov 06 20:43:45 Frida kernel: ACPI: Enabled 3 GPEs in block 00 to 1F
     nov 06 20:43:45 Frida kernel: ACPI: Power Resource [P0SA] (off)
     nov 06 20:43:45 Frida kernel: ACPI: Power Resource [P3SA] (off)
     nov 06 20:43:45 Frida kernel: ACPI: Power Resource [P0SA] (off)
     nov 06 20:43:45 Frida kernel: ACPI: Power Resource [P3SA] (off)
     nov 06 20:43:45 Frida kernel: ACPI: PCI Root Bridge [PCI0] (domain 0000 [bus 00-3f])
     nov 06 20:43:45 Frida kernel: acpi PNP0A08:00: _OSC: OS supports [ExtendedConfig ASPM ClockPM Segments MSI]
     nov 06 20:43:45 Frida kernel: acpi PNP0A08:00: _OSC: OS now controls [PCIeHotplug PME AER PCIeCapability]
     nov 06 20:43:45 Frida kernel: acpi PNP0A08:00: host bridge window expanded to [io  0x0000-0x1fff]; [io  0x0000-0x1fff window] ignored
     nov 06 20:43:45 Frida kernel: PCI host bridge to bus 0000:00
     nov 06 20:43:45 Frida kernel: pci_bus 0000:00: root bus resource [io  0x0000-0x1fff]
     nov 06 20:43:45 Frida kernel: pci_bus 0000:00: root bus resource [io  0x0000-0x03af window]
     nov 06 20:43:45 Frida kernel: pci_bus 0000:00: root bus resource [io  0x03e0-0x0cf7 window]
     nov 06 20:43:45 Frida kernel: pci_bus 0000:00: root bus resource [mem 0x000c0000-0x000dffff window]
     nov 06 20:43:45 Frida kernel: pci_bus 0000:00: root bus resource [mem 0xb8000000-0xba8fffff window]
     nov 06 20:43:45 Frida kernel: pci_bus 0000:00: root bus resource [bus 00-3f]
     nov 06 20:43:45 Frida kernel: pci 0000:00:00.0: [1022:1450] type 00 class 0x060000
     nov 06 20:43:45 Frida kernel: pci 0000:00:00.2: [1022:1451] type 00 class 0x080600
     nov 06 20:43:45 Frida kernel: pci 0000:00:01.0: [1022:1452] type 00 class 0x060000
     nov 06 20:43:45 Frida kernel: pci 0000:00:01.1: [1022:1453] type 01 class 0x060400
     nov 06 20:43:45 Frida kernel: pci 0000:00:01.1: PME# supported from D0 D3hot D3cold
     nov 06 20:43:45 Frida kernel: pci 0000:00:01.2: [1022:1453] type 01 class 0x060400
     nov 06 20:43:45 Frida kernel: pci 0000:00:01.2: PME# supported from D0 D3hot D3cold
     nov 06 20:43:45 Frida kernel: pci 0000:00:02.0: [1022:1452] type 00 class 0x060000
     nov 06 20:43:45 Frida kernel: pci 0000:00:03.0: [1022:1452] type 00 class 0x060000
     nov 06 20:43:45 Frida kernel: pci 0000:00:04.0: [1022:1452] type 00 class 0x060000
     nov 06 20:43:45 Frida kernel: pci 0000:00:07.0: [1022:1452] type 00 class 0x060000
     nov 06 20:43:45 Frida kernel: pci 0000:00:07.1: [1022:1454] type 01 class 0x060400
     nov 06 20:43:45 Frida kernel: pci 0000:00:07.1: enabling Extended Tags
     nov 06 20:43:45 Frida kernel: pci 0000:00:07.1: PME# supported from D0 D3hot D3cold
     nov 06 20:43:45 Frida kernel: pci 0000:00:08.0: [1022:1452] type 00 class 0x060000
     nov 06 20:43:45 Frida kernel: pci 0000:00:08.1: [1022:1454] type 01 class 0x060400
     nov 06 20:43:45 Frida kernel: pci 0000:00:08.1: enabling Extended Tags
     nov 06 20:43:45 Frida kernel: pci 0000:00:08.1: PME# supported from D0 D3hot D3cold
     nov 06 20:43:45 Frida kernel: pci 0000:00:14.0: [1022:790b] type 00 class 0x0c0500
     nov 06 20:43:45 Frida kernel: pci 0000:00:14.3: [1022:790e] type 00 class 0x060100
     nov 06 20:43:45 Frida kernel: pci 0000:00:18.0: [1022:1460] type 00 class 0x060000
     nov 06 20:43:45 Frida kernel: pci 0000:00:18.1: [1022:1461] type 00 class 0x060000
     nov 06 20:43:45 Frida kernel: pci 0000:00:18.2: [1022:1462] type 00 class 0x060000
     nov 06 20:43:45 Frida kernel: pci 0000:00:18.3: [1022:1463] type 00 class 0x060000
     nov 06 20:43:45 Frida kernel: pci 0000:00:18.4: [1022:1464] type 00 class 0x060000
     nov 06 20:43:45 Frida kernel: pci 0000:00:18.5: [1022:1465] type 00 class 0x060000
     nov 06 20:43:45 Frida kernel: pci 0000:00:18.6: [1022:1466] type 00 class 0x060000
     nov 06 20:43:45 Frida kernel: pci 0000:00:18.7: [1022:1467] type 00 class 0x060000
     nov 06 20:43:45 Frida kernel: pci 0000:00:19.0: [1022:1460] type 00 class 0x060000
     nov 06 20:43:45 Frida kernel: pci 0000:00:19.1: [1022:1461] type 00 class 0x060000
     nov 06 20:43:45 Frida kernel: pci 0000:00:19.2: [1022:1462] type 00 class 0x060000
     nov 06 20:43:45 Frida kernel: pci 0000:00:19.3: [1022:1463] type 00 class 0x060000
     nov 06 20:43:45 Frida kernel: pci 0000:00:19.4: [1022:1464] type 00 class 0x060000
     nov 06 20:43:45 Frida kernel: pci 0000:00:19.5: [1022:1465] type 00 class 0x060000
     nov 06 20:43:45 Frida kernel: pci 0000:00:19.6: [1022:1466] type 00 class 0x060000
     nov 06 20:43:45 Frida kernel: pci 0000:00:19.7: [1022:1467] type 00 class 0x060000
     nov 06 20:43:45 Frida kernel: pci 0000:01:00.0: [1022:43ba] type 00 class 0x0c0330
     nov 06 20:43:45 Frida kernel: pci 0000:01:00.0: reg 0x10: [mem 0xba3a0000-0xba3a7fff 64bit]
     nov 06 20:43:45 Frida kernel: pci 0000:01:00.0: PME# supported from D3hot D3cold
     nov 06 20:43:45 Frida kernel: pci 0000:01:00.1: [1022:43b6] type 00 class 0x010601
     nov 06 20:43:45 Frida kernel: pci 0000:01:00.1: reg 0x24: [mem 0xba380000-0xba39ffff]
     nov 06 20:43:45 Frida kernel: pci 0000:01:00.1: reg 0x30: [mem 0xba300000-0xba37ffff pref]
     nov 06 20:43:45 Frida kernel: pci 0000:01:00.1: PME# supported from D3hot D3cold
     nov 06 20:43:45 Frida kernel: pci 0000:01:00.2: [1022:43b1] type 01 class 0x060400
     nov 06 20:43:45 Frida kernel: pci 0000:01:00.2: PME# supported from D3hot D3cold
     nov 06 20:43:45 Frida kernel: pci 0000:00:01.1: PCI bridge to [bus 01-06]
     nov 06 20:43:45 Frida kernel: pci 0000:00:01.1:   bridge window [io  0x1000-0x1fff]
     nov 06 20:43:45 Frida kernel: pci 0000:00:01.1:   bridge window [mem 0xba000000-0xba3fffff]
     nov 06 20:43:45 Frida kernel: pci 0000:02:00.0: [1022:43b4] type 01 class 0x060400
     nov 06 20:43:45 Frida kernel: pci 0000:02:00.0: PME# supported from D3hot D3cold
     nov 06 20:43:45 Frida kernel: pci 0000:02:02.0: [1022:43b4] type 01 class 0x060400
     nov 06 20:43:45 Frida kernel: pci 0000:02:02.0: PME# supported from D3hot D3cold
     nov 06 20:43:45 Frida kernel: pci 0000:02:03.0: [1022:43b4] type 01 class 0x060400
     nov 06 20:43:45 Frida kernel: pci 0000:02:03.0: PME# supported from D3hot D3cold
     nov 06 20:43:45 Frida kernel: pci 0000:02:04.0: [1022:43b4] type 01 class 0x060400
     nov 06 20:43:45 Frida kernel: pci 0000:02:04.0: PME# supported from D3hot D3cold
     nov 06 20:43:45 Frida kernel: pci 0000:01:00.2: PCI bridge to [bus 02-06]
     nov 06 20:43:45 Frida kernel: pci 0000:01:00.2:   bridge window [io  0x1000-0x1fff]
     nov 06 20:43:45 Frida kernel: pci 0000:01:00.2:   bridge window [mem 0xba000000-0xba2fffff]
     nov 06 20:43:45 Frida kernel: pci 0000:03:00.0: [1b21:1343] type 00 class 0x0c0330
     nov 06 20:43:45 Frida kernel: pci 0000:03:00.0: reg 0x10: [mem 0xba200000-0xba207fff 64bit]
     nov 06 20:43:45 Frida kernel: pci 0000:03:00.0: PME# supported from D3hot D3cold
     nov 06 20:43:45 Frida kernel: pci 0000:02:00.0: PCI bridge to [bus 03]
     nov 06 20:43:45 Frida kernel: pci 0000:02:00.0:   bridge window [mem 0xba200000-0xba2fffff]
     nov 06 20:43:45 Frida kernel: pci 0000:04:00.0: [8086:24fd] type 00 class 0x028000
     nov 06 20:43:45 Frida kernel: pci 0000:04:00.0: reg 0x10: [mem 0xba100000-0xba101fff 64bit]
     nov 06 20:43:45 Frida kernel: pci 0000:04:00.0: PME# supported from D0 D3hot D3cold
     nov 06 20:43:45 Frida kernel: pci 0000:02:02.0: PCI bridge to [bus 04]
     nov 06 20:43:45 Frida kernel: pci 0000:02:02.0:   bridge window [mem 0xba100000-0xba1fffff]
     nov 06 20:43:45 Frida kernel: pci 0000:05:00.0: [1969:e0b1] type 00 class 0x020000
     nov 06 20:43:45 Frida kernel: pci 0000:05:00.0: reg 0x10: [mem 0xba000000-0xba03ffff 64bit]
     nov 06 20:43:45 Frida kernel: pci 0000:05:00.0: reg 0x18: [io  0x1000-0x107f]
     nov 06 20:43:45 Frida kernel: pci 0000:05:00.0: PME# supported from D0 D1 D2 D3hot D3cold
     nov 06 20:43:45 Frida kernel: pci 0000:02:03.0: PCI bridge to [bus 05]
     nov 06 20:43:45 Frida kernel: pci 0000:02:03.0:   bridge window [io  0x1000-0x1fff]
     nov 06 20:43:45 Frida kernel: pci 0000:02:03.0:   bridge window [mem 0xba000000-0xba0fffff]
     nov 06 20:43:45 Frida kernel: pci 0000:02:04.0: PCI bridge to [bus 06]
     nov 06 20:43:45 Frida kernel: pci 0000:07:00.0: [144d:a804] type 00 class 0x010802
     nov 06 20:43:45 Frida kernel: pci 0000:07:00.0: reg 0x10: [mem 0xba800000-0xba803fff 64bit]
     nov 06 20:43:45 Frida kernel: pci 0000:00:01.2: PCI bridge to [bus 07]
     nov 06 20:43:45 Frida kernel: pci 0000:00:01.2:   bridge window [mem 0xba800000-0xba8fffff]
     nov 06 20:43:45 Frida kernel: pci 0000:08:00.0: [1022:145a] type 00 class 0x130000
     nov 06 20:43:45 Frida kernel: pci 0000:08:00.0: enabling Extended Tags
     nov 06 20:43:45 Frida kernel: pci 0000:08:00.2: [1022:1456] type 00 class 0x108000
     nov 06 20:43:45 Frida kernel: pci 0000:08:00.2: reg 0x18: [mem 0xba500000-0xba5fffff]
     nov 06 20:43:45 Frida kernel: pci 0000:08:00.2: reg 0x24: [mem 0xba600000-0xba601fff]
     nov 06 20:43:45 Frida kernel: pci 0000:08:00.2: enabling Extended Tags
     nov 06 20:43:45 Frida kernel: pci 0000:08:00.3: [1022:145c] type 00 class 0x0c0330
     nov 06 20:43:45 Frida kernel: pci 0000:08:00.3: reg 0x10: [mem 0xba400000-0xba4fffff 64bit]
     nov 06 20:43:45 Frida kernel: pci 0000:08:00.3: enabling Extended Tags
     nov 06 20:43:45 Frida kernel: pci 0000:08:00.3: PME# supported from D0 D3hot D3cold
     nov 06 20:43:45 Frida kernel: pci 0000:00:07.1: PCI bridge to [bus 08]
     nov 06 20:43:45 Frida kernel: pci 0000:00:07.1:   bridge window [mem 0xba400000-0xba6fffff]
     nov 06 20:43:45 Frida kernel: pci 0000:09:00.0: [1022:1455] type 00 class 0x130000
     nov 06 20:43:45 Frida kernel: pci 0000:09:00.0: enabling Extended Tags
     nov 06 20:43:45 Frida kernel: pci 0000:09:00.2: [1022:7901] type 00 class 0x010601
     nov 06 20:43:45 Frida kernel: pci 0000:09:00.2: reg 0x24: [mem 0xba708000-0xba708fff]
     nov 06 20:43:45 Frida kernel: pci 0000:09:00.2: enabling Extended Tags
     nov 06 20:43:45 Frida kernel: pci 0000:09:00.2: PME# supported from D3hot D3cold
     nov 06 20:43:45 Frida kernel: pci 0000:09:00.3: [1022:1457] type 00 class 0x040300
     nov 06 20:43:45 Frida kernel: pci 0000:09:00.3: reg 0x10: [mem 0xba700000-0xba707fff]
     nov 06 20:43:45 Frida kernel: pci 0000:09:00.3: enabling Extended Tags
     nov 06 20:43:45 Frida kernel: pci 0000:09:00.3: PME# supported from D0 D3hot D3cold
     nov 06 20:43:45 Frida kernel: pci 0000:00:08.1: PCI bridge to [bus 09]
     nov 06 20:43:45 Frida kernel: pci 0000:00:08.1:   bridge window [mem 0xba700000-0xba7fffff]
     nov 06 20:43:45 Frida kernel: pci_bus 0000:00: on NUMA node 0
     nov 06 20:43:45 Frida kernel: ACPI: PCI Root Bridge [S0D1] (domain 0000 [bus 40-ff])
     nov 06 20:43:45 Frida kernel: acpi PNP0A08:01: _OSC: OS supports [ExtendedConfig ASPM ClockPM Segments MSI]
     nov 06 20:43:45 Frida kernel: acpi PNP0A08:01: _OSC: OS now controls [PCIeHotplug PME AER PCIeCapability]
     nov 06 20:43:45 Frida kernel: acpi PNP0A08:01: [Firmware Info]: MMCONFIG for domain 0000 [bus 00-7f] only partially covers this bridge
     nov 06 20:43:45 Frida kernel: PCI host bridge to bus 0000:40
     nov 06 20:43:45 Frida kernel: pci_bus 0000:40: root bus resource [io  0x03b0-0x03df window]
     nov 06 20:43:45 Frida kernel: pci_bus 0000:40: root bus resource [io  0x2000-0xffff window]
     nov 06 20:43:45 Frida kernel: pci_bus 0000:40: root bus resource [mem 0x000a0000-0x000bffff window]
     nov 06 20:43:45 Frida kernel: pci_bus 0000:40: root bus resource [mem 0x80000000-0x9f6fffff window]
     nov 06 20:43:45 Frida kernel: pci_bus 0000:40: root bus resource [bus 40-ff]
     nov 06 20:43:45 Frida kernel: pci 0000:40:00.0: [1022:1450] type 00 class 0x060000
     nov 06 20:43:45 Frida kernel: pci 0000:40:00.2: [1022:1451] type 00 class 0x080600
     nov 06 20:43:45 Frida kernel: pci 0000:40:01.0: [1022:1452] type 00 class 0x060000
     nov 06 20:43:45 Frida kernel: pci 0000:40:02.0: [1022:1452] type 00 class 0x060000
     nov 06 20:43:45 Frida kernel: pci 0000:40:03.0: [1022:1452] type 00 class 0x060000
     nov 06 20:43:45 Frida kernel: pci 0000:40:03.1: [1022:1453] type 01 class 0x060400
     nov 06 20:43:45 Frida kernel: pci 0000:40:03.1: PME# supported from D0 D3hot D3cold
     nov 06 20:43:45 Frida kernel: pci 0000:40:04.0: [1022:1452] type 00 class 0x060000
     nov 06 20:43:45 Frida kernel: pci 0000:40:07.0: [1022:1452] type 00 class 0x060000
     nov 06 20:43:45 Frida kernel: pci 0000:40:07.1: [1022:1454] type 01 class 0x060400
     nov 06 20:43:45 Frida kernel: pci 0000:40:07.1: enabling Extended Tags
     nov 06 20:43:45 Frida kernel: pci 0000:40:07.1: PME# supported from D0 D3hot D3cold
     nov 06 20:43:45 Frida kernel: pci 0000:40:08.0: [1022:1452] type 00 class 0x060000
     nov 06 20:43:45 Frida kernel: pci 0000:40:08.1: [1022:1454] type 01 class 0x060400
     nov 06 20:43:45 Frida kernel: pci 0000:40:08.1: enabling Extended Tags
     nov 06 20:43:45 Frida kernel: pci 0000:40:08.1: PME# supported from D0 D3hot D3cold
     nov 06 20:43:45 Frida kernel: pci 0000:41:00.0: [10de:1b06] type 00 class 0x030000
     nov 06 20:43:45 Frida kernel: pci 0000:41:00.0: reg 0x10: [mem 0x9e000000-0x9effffff]
     nov 06 20:43:45 Frida kernel: pci 0000:41:00.0: reg 0x14: [mem 0x80000000-0x8fffffff 64bit pref]
     nov 06 20:43:45 Frida kernel: pci 0000:41:00.0: reg 0x1c: [mem 0x90000000-0x91ffffff 64bit pref]
     nov 06 20:43:45 Frida kernel: pci 0000:41:00.0: reg 0x24: [io  0x2000-0x207f]
     nov 06 20:43:45 Frida kernel: pci 0000:41:00.0: reg 0x30: [mem 0x9f000000-0x9f07ffff pref]
     nov 06 20:43:45 Frida kernel: pci 0000:41:00.0: BAR 3: assigned to efifb
     nov 06 20:43:45 Frida kernel: pci 0000:41:00.1: [10de:10ef] type 00 class 0x040300
     nov 06 20:43:45 Frida kernel: pci 0000:41:00.1: reg 0x10: [mem 0x9f080000-0x9f083fff]
     nov 06 20:43:45 Frida kernel: pci 0000:40:03.1: PCI bridge to [bus 41]
     nov 06 20:43:45 Frida kernel: pci 0000:40:03.1:   bridge window [io  0x2000-0x2fff]
     nov 06 20:43:45 Frida kernel: pci 0000:40:03.1:   bridge window [mem 0x9e000000-0x9f0fffff]
     nov 06 20:43:45 Frida kernel: pci 0000:40:03.1:   bridge window [mem 0x80000000-0x91ffffff 64bit pref]
     nov 06 20:43:45 Frida kernel: pci 0000:42:00.0: [1022:145a] type 00 class 0x130000
     nov 06 20:43:45 Frida kernel: pci 0000:42:00.0: enabling Extended Tags
     nov 06 20:43:45 Frida kernel: pci 0000:42:00.2: [1022:1456] type 00 class 0x108000
     nov 06 20:43:45 Frida kernel: pci 0000:42:00.2: reg 0x18: [mem 0x9f300000-0x9f3fffff]
     nov 06 20:43:45 Frida kernel: pci 0000:42:00.2: reg 0x24: [mem 0x9f400000-0x9f401fff]
     nov 06 20:43:45 Frida kernel: pci 0000:42:00.2: enabling Extended Tags
     nov 06 20:43:45 Frida kernel: pci 0000:42:00.3: [1022:145c] type 00 class 0x0c0330
     nov 06 20:43:45 Frida kernel: pci 0000:42:00.3: reg 0x10: [mem 0x9f200000-0x9f2fffff 64bit]
     nov 06 20:43:45 Frida kernel: pci 0000:42:00.3: enabling Extended Tags
     nov 06 20:43:45 Frida kernel: pci 0000:42:00.3: PME# supported from D0 D3hot D3cold
     nov 06 20:43:45 Frida kernel: pci 0000:40:07.1: PCI bridge to [bus 42]
     nov 06 20:43:45 Frida kernel: pci 0000:40:07.1:   bridge window [mem 0x9f200000-0x9f4fffff]
     nov 06 20:43:45 Frida kernel: pci 0000:43:00.0: [1022:1455] type 00 class 0x130000
     nov 06 20:43:45 Frida kernel: pci 0000:43:00.0: enabling Extended Tags
     nov 06 20:43:45 Frida kernel: pci 0000:40:08.1: PCI bridge to [bus 43]
     nov 06 20:43:45 Frida kernel: pci_bus 0000:40: on NUMA node 1
     nov 06 20:43:45 Frida kernel: ACPI: PCI Interrupt Link [LNKA] (IRQs 4 5 7 10 11 14 15) *0
     nov 06 20:43:45 Frida kernel: ACPI: PCI Interrupt Link [LNKB] (IRQs 4 5 7 10 11 14 15) *0
     nov 06 20:43:45 Frida kernel: ACPI: PCI Interrupt Link [LNKC] (IRQs 4 5 7 10 11 14 15) *0
     nov 06 20:43:45 Frida kernel: ACPI: PCI Interrupt Link [LNKD] (IRQs 4 5 7 10 11 14 15) *0
     nov 06 20:43:45 Frida kernel: ACPI: PCI Interrupt Link [LNKE] (IRQs 4 5 7 10 11 14 15) *0
     nov 06 20:43:45 Frida kernel: ACPI: PCI Interrupt Link [LNKF] (IRQs 4 5 7 10 11 14 15) *0
     nov 06 20:43:45 Frida kernel: ACPI: PCI Interrupt Link [LNKG] (IRQs 4 5 7 10 11 14 15) *0
     nov 06 20:43:45 Frida kernel: ACPI: PCI Interrupt Link [LNKH] (IRQs 4 5 7 10 11 14 15) *0
     nov 06 20:43:45 Frida kernel: SCSI subsystem initialized
     nov 06 20:43:45 Frida kernel: libata version 3.00 loaded.
     nov 06 20:43:45 Frida kernel: pci 0000:41:00.0: vgaarb: setting as boot VGA device
     nov 06 20:43:45 Frida kernel: pci 0000:41:00.0: vgaarb: VGA device added: decodes=io+mem,owns=io+mem,locks=none
     nov 06 20:43:45 Frida kernel: pci 0000:41:00.0: vgaarb: bridge control possible
     nov 06 20:43:45 Frida kernel: vgaarb: loaded
     nov 06 20:43:45 Frida kernel: ACPI: bus type USB registered
     nov 06 20:43:45 Frida kernel: usbcore: registered new interface driver usbfs
     nov 06 20:43:45 Frida kernel: usbcore: registered new interface driver hub
     nov 06 20:43:45 Frida kernel: usbcore: registered new device driver usb
     nov 06 20:43:45 Frida kernel: EDAC MC: Ver: 3.0.0
     nov 06 20:43:45 Frida kernel: Registered efivars operations
     nov 06 20:43:45 Frida kernel: PCI: Using ACPI for IRQ routing
     nov 06 20:43:45 Frida kernel: PCI: pci_cache_line_size set to 64 bytes
     nov 06 20:43:45 Frida kernel: e820: reserve RAM buffer [mem 0x09df0000-0x0bffffff]
     nov 06 20:43:45 Frida kernel: e820: reserve RAM buffer [mem 0x0b000000-0x0bffffff]
     nov 06 20:43:45 Frida kernel: e820: reserve RAM buffer [mem 0x78124000-0x7bffffff]
     nov 06 20:43:45 Frida kernel: e820: reserve RAM buffer [mem 0x7836d000-0x7bffffff]
     nov 06 20:43:45 Frida kernel: e820: reserve RAM buffer [mem 0x87f300000-0x87fffffff]
     nov 06 20:43:45 Frida kernel: NetLabel: Initializing
     nov 06 20:43:45 Frida kernel: NetLabel:  domain hash size = 128
     nov 06 20:43:45 Frida kernel: NetLabel:  protocols = UNLABELED CIPSOv4 CALIPSO
     nov 06 20:43:45 Frida kernel: NetLabel:  unlabeled traffic allowed by default
     nov 06 20:43:45 Frida kernel: hpet0: at MMIO 0xfed00000, IRQs 2, 8, 0
     nov 06 20:43:45 Frida kernel: hpet0: 3 comparators, 32-bit 14.318180 MHz counter
     nov 06 20:43:45 Frida kernel: clocksource: Switched to clocksource hpet
     nov 06 20:43:45 Frida kernel: VFS: Disk quotas dquot_6.6.0
     nov 06 20:43:45 Frida kernel: VFS: Dquot-cache hash table entries: 512 (order 0, 4096 bytes)
     nov 06 20:43:45 Frida kernel: AppArmor: AppArmor Filesystem Enabled
     nov 06 20:43:45 Frida kernel: pnp: PnP ACPI init
     nov 06 20:43:45 Frida kernel: system 00:00: [mem 0xf0000000-0xf7ffffff] has been reserved
     nov 06 20:43:45 Frida kernel: system 00:00: Plug and Play ACPI device, IDs PNP0c01 (active)
     nov 06 20:43:45 Frida kernel: system 00:01: [mem 0xefd00000-0xefd7ffff] could not be reserved
     nov 06 20:43:45 Frida kernel: system 00:01: Plug and Play ACPI device, IDs PNP0c02 (active)
     nov 06 20:43:45 Frida kernel: pnp 00:02: Plug and Play ACPI device, IDs PNP0b00 (active)
     nov 06 20:43:45 Frida kernel: system 00:03: [io  0x0a00-0x0a2f] has been reserved
     nov 06 20:43:45 Frida kernel: system 00:03: [io  0x0a30-0x0a3f] has been reserved
     nov 06 20:43:45 Frida kernel: system 00:03: [io  0x0a40-0x0a4f] has been reserved
     nov 06 20:43:45 Frida kernel: system 00:03: Plug and Play ACPI device, IDs PNP0c02 (active)
     nov 06 20:43:45 Frida kernel: system 00:04: [io  0x04d0-0x04d1] has been reserved
     nov 06 20:43:45 Frida kernel: system 00:04: [io  0x040b] has been reserved
     nov 06 20:43:45 Frida kernel: system 00:04: [io  0x04d6] has been reserved
     nov 06 20:43:45 Frida kernel: system 00:04: [io  0x0c00-0x0c01] has been reserved
     nov 06 20:43:45 Frida kernel: system 00:04: [io  0x0c14] has been reserved
     nov 06 20:43:45 Frida kernel: system 00:04: [io  0x0c50-0x0c51] has been reserved
     nov 06 20:43:45 Frida kernel: system 00:04: [io  0x0c52] has been reserved
     nov 06 20:43:45 Frida kernel: system 00:04: [io  0x0c6c] has been reserved
     nov 06 20:43:45 Frida kernel: system 00:04: [io  0x0c6f] has been reserved
     nov 06 20:43:45 Frida kernel: system 00:04: [io  0x0cd0-0x0cd1] has been reserved
     nov 06 20:43:45 Frida kernel: system 00:04: [io  0x0cd2-0x0cd3] has been reserved
     nov 06 20:43:45 Frida kernel: system 00:04: [io  0x0cd4-0x0cd5] has been reserved
     nov 06 20:43:45 Frida kernel: system 00:04: [io  0x0cd6-0x0cd7] has been reserved
     nov 06 20:43:45 Frida kernel: system 00:04: [io  0x0cd8-0x0cdf] has been reserved
     nov 06 20:43:45 Frida kernel: system 00:04: [io  0x0800-0x089f] has been reserved
     nov 06 20:43:45 Frida kernel: system 00:04: [io  0x0b00-0x0b0f] has been reserved
     nov 06 20:43:45 Frida kernel: system 00:04: [io  0x0b20-0x0b3f] has been reserved
     nov 06 20:43:45 Frida kernel: system 00:04: [io  0x0900-0x090f] has been reserved
     nov 06 20:43:45 Frida kernel: system 00:04: [io  0x0910-0x091f] has been reserved
     nov 06 20:43:45 Frida kernel: system 00:04: [mem 0xfec00000-0xfec00fff] could not be reserved
     nov 06 20:43:45 Frida kernel: system 00:04: [mem 0xfec01000-0xfec01fff] has been reserved
     nov 06 20:43:45 Frida kernel: system 00:04: [mem 0xfedc0000-0xfedc0fff] has been reserved
     nov 06 20:43:45 Frida kernel: system 00:04: [mem 0xfee00000-0xfee00fff] has been reserved
     nov 06 20:43:45 Frida kernel: system 00:04: [mem 0xfed80000-0xfed8ffff] could not be reserved
     nov 06 20:43:45 Frida kernel: system 00:04: [mem 0xfed61000-0xfed70fff] has been reserved
     nov 06 20:43:45 Frida kernel: system 00:04: [mem 0xfec10000-0xfec10fff] has been reserved
     nov 06 20:43:45 Frida kernel: system 00:04: [mem 0xff000000-0xffffffff] has been reserved
     nov 06 20:43:45 Frida kernel: system 00:04: Plug and Play ACPI device, IDs PNP0c02 (active)
     nov 06 20:43:45 Frida kernel: system 00:05: [mem 0xb7b00000-0xb7b7ffff] has been reserved
     nov 06 20:43:45 Frida kernel: system 00:05: Plug and Play ACPI device, IDs PNP0c02 (active)
     nov 06 20:43:45 Frida kernel: pnp: PnP ACPI: found 6 devices
     nov 06 20:43:45 Frida kernel: clocksource: acpi_pm: mask: 0xffffff max_cycles: 0xffffff, max_idle_ns: 2085701024 ns
     nov 06 20:43:45 Frida kernel: pci 0000:02:00.0: PCI bridge to [bus 03]
     nov 06 20:43:45 Frida kernel: pci 0000:02:00.0:   bridge window [mem 0xba200000-0xba2fffff]
     nov 06 20:43:45 Frida kernel: pci 0000:02:02.0: PCI bridge to [bus 04]
     nov 06 20:43:45 Frida kernel: pci 0000:02:02.0:   bridge window [mem 0xba100000-0xba1fffff]
     nov 06 20:43:45 Frida kernel: pci 0000:02:03.0: PCI bridge to [bus 05]
     nov 06 20:43:45 Frida kernel: pci 0000:02:03.0:   bridge window [io  0x1000-0x1fff]
     nov 06 20:43:45 Frida kernel: pci 0000:02:03.0:   bridge window [mem 0xba000000-0xba0fffff]
     nov 06 20:43:45 Frida kernel: pci 0000:02:04.0: PCI bridge to [bus 06]
     nov 06 20:43:45 Frida kernel: pci 0000:01:00.2: PCI bridge to [bus 02-06]
     nov 06 20:43:45 Frida kernel: pci 0000:01:00.2:   bridge window [io  0x1000-0x1fff]
     nov 06 20:43:45 Frida kernel: pci 0000:01:00.2:   bridge window [mem 0xba000000-0xba2fffff]
     nov 06 20:43:45 Frida kernel: pci 0000:00:01.1: PCI bridge to [bus 01-06]
     nov 06 20:43:45 Frida kernel: pci 0000:00:01.1:   bridge window [io  0x1000-0x1fff]
     nov 06 20:43:45 Frida kernel: pci 0000:00:01.1:   bridge window [mem 0xba000000-0xba3fffff]
     nov 06 20:43:45 Frida kernel: pci 0000:00:01.2: PCI bridge to [bus 07]
     nov 06 20:43:45 Frida kernel: pci 0000:00:01.2:   bridge window [mem 0xba800000-0xba8fffff]
     nov 06 20:43:45 Frida kernel: pci 0000:00:07.1: PCI bridge to [bus 08]
     nov 06 20:43:45 Frida kernel: pci 0000:00:07.1:   bridge window [mem 0xba400000-0xba6fffff]
     nov 06 20:43:45 Frida kernel: pci 0000:00:08.1: PCI bridge to [bus 09]
     nov 06 20:43:45 Frida kernel: pci 0000:00:08.1:   bridge window [mem 0xba700000-0xba7fffff]
     nov 06 20:43:45 Frida kernel: pci_bus 0000:00: resource 4 [io  0x0000-0x1fff]
     nov 06 20:43:45 Frida kernel: pci_bus 0000:00: resource 5 [io  0x0000-0x03af window]
     nov 06 20:43:45 Frida kernel: pci_bus 0000:00: resource 6 [io  0x03e0-0x0cf7 window]
     nov 06 20:43:45 Frida kernel: pci_bus 0000:00: resource 7 [mem 0x000c0000-0x000dffff window]
     nov 06 20:43:45 Frida kernel: pci_bus 0000:00: resource 8 [mem 0xb8000000-0xba8fffff window]
     nov 06 20:43:45 Frida kernel: pci_bus 0000:01: resource 0 [io  0x1000-0x1fff]
     nov 06 20:43:45 Frida kernel: pci_bus 0000:01: resource 1 [mem 0xba000000-0xba3fffff]
     nov 06 20:43:45 Frida kernel: pci_bus 0000:02: resource 0 [io  0x1000-0x1fff]
     nov 06 20:43:45 Frida kernel: pci_bus 0000:02: resource 1 [mem 0xba000000-0xba2fffff]
     nov 06 20:43:45 Frida kernel: pci_bus 0000:03: resource 1 [mem 0xba200000-0xba2fffff]
     nov 06 20:43:45 Frida kernel: pci_bus 0000:04: resource 1 [mem 0xba100000-0xba1fffff]
     nov 06 20:43:45 Frida kernel: pci_bus 0000:05: resource 0 [io  0x1000-0x1fff]
     nov 06 20:43:45 Frida kernel: pci_bus 0000:05: resource 1 [mem 0xba000000-0xba0fffff]
     nov 06 20:43:45 Frida kernel: pci_bus 0000:07: resource 1 [mem 0xba800000-0xba8fffff]
     nov 06 20:43:45 Frida kernel: pci_bus 0000:08: resource 1 [mem 0xba400000-0xba6fffff]
     nov 06 20:43:45 Frida kernel: pci_bus 0000:09: resource 1 [mem 0xba700000-0xba7fffff]
     nov 06 20:43:45 Frida kernel: pci 0000:40:03.1: PCI bridge to [bus 41]
     nov 06 20:43:45 Frida kernel: pci 0000:40:03.1:   bridge window [io  0x2000-0x2fff]
     nov 06 20:43:45 Frida kernel: pci 0000:40:03.1:   bridge window [mem 0x9e000000-0x9f0fffff]
     nov 06 20:43:45 Frida kernel: pci 0000:40:03.1:   bridge window [mem 0x80000000-0x91ffffff 64bit pref]
     nov 06 20:43:45 Frida kernel: pci 0000:40:07.1: PCI bridge to [bus 42]
     nov 06 20:43:45 Frida kernel: pci 0000:40:07.1:   bridge window [mem 0x9f200000-0x9f4fffff]
     nov 06 20:43:45 Frida kernel: pci 0000:40:08.1: PCI bridge to [bus 43]
     nov 06 20:43:45 Frida kernel: pci_bus 0000:40: resource 4 [io  0x03b0-0x03df window]
     nov 06 20:43:45 Frida kernel: pci_bus 0000:40: resource 5 [io  0x2000-0xffff window]
     nov 06 20:43:45 Frida kernel: pci_bus 0000:40: resource 6 [mem 0x000a0000-0x000bffff window]
     nov 06 20:43:45 Frida kernel: pci_bus 0000:40: resource 7 [mem 0x80000000-0x9f6fffff window]
     nov 06 20:43:45 Frida kernel: pci_bus 0000:41: resource 0 [io  0x2000-0x2fff]
     nov 06 20:43:45 Frida kernel: pci_bus 0000:41: resource 1 [mem 0x9e000000-0x9f0fffff]
     nov 06 20:43:45 Frida kernel: pci_bus 0000:41: resource 2 [mem 0x80000000-0x91ffffff 64bit pref]
     nov 06 20:43:45 Frida kernel: pci_bus 0000:42: resource 1 [mem 0x9f200000-0x9f4fffff]
     nov 06 20:43:45 Frida kernel: NET: Registered protocol family 2
     nov 06 20:43:45 Frida kernel: TCP established hash table entries: 262144 (order: 9, 2097152 bytes)
     nov 06 20:43:45 Frida kernel: TCP bind hash table entries: 65536 (order: 8, 1048576 bytes)
     nov 06 20:43:45 Frida kernel: TCP: Hash tables configured (established 262144 bind 65536)
     nov 06 20:43:45 Frida kernel: UDP hash table entries: 16384 (order: 7, 524288 bytes)
     nov 06 20:43:45 Frida kernel: UDP-Lite hash table entries: 16384 (order: 7, 524288 bytes)
     nov 06 20:43:45 Frida kernel: NET: Registered protocol family 1
     nov 06 20:43:45 Frida kernel: pci 0000:41:00.0: Video device with shadowed ROM at [mem 0x000c0000-0x000dffff]
     nov 06 20:43:45 Frida kernel: PCI: CLS 64 bytes, default 64
     nov 06 20:43:45 Frida kernel: Unpacking initramfs...
     nov 06 20:43:45 Frida kernel: Freeing initrd memory: 66844K
     nov 06 20:43:45 Frida kernel: AMD-Vi: IOMMU performance counters supported
     nov 06 20:43:45 Frida kernel: iommu: Adding device 0000:00:01.0 to group 0
     nov 06 20:43:45 Frida kernel: iommu: Adding device 0000:00:01.1 to group 0
     nov 06 20:43:45 Frida kernel: iommu: Adding device 0000:00:01.2 to group 0
     nov 06 20:43:45 Frida kernel: iommu: Adding device 0000:00:02.0 to group 1
     nov 06 20:43:45 Frida kernel: iommu: Adding device 0000:00:03.0 to group 2
     nov 06 20:43:45 Frida kernel: iommu: Adding device 0000:00:04.0 to group 3
     nov 06 20:43:45 Frida kernel: iommu: Adding device 0000:00:07.0 to group 4
     nov 06 20:43:45 Frida kernel: iommu: Adding device 0000:00:07.1 to group 4
     nov 06 20:43:45 Frida kernel: iommu: Adding device 0000:00:08.0 to group 5
     nov 06 20:43:45 Frida kernel: iommu: Adding device 0000:00:08.1 to group 5
     nov 06 20:43:45 Frida kernel: iommu: Adding device 0000:00:14.0 to group 6
     nov 06 20:43:45 Frida kernel: iommu: Adding device 0000:00:14.3 to group 6
     nov 06 20:43:45 Frida kernel: iommu: Adding device 0000:00:18.0 to group 7
     nov 06 20:43:45 Frida kernel: iommu: Adding device 0000:00:18.1 to group 7
     nov 06 20:43:45 Frida kernel: iommu: Adding device 0000:00:18.2 to group 7
     nov 06 20:43:45 Frida kernel: iommu: Adding device 0000:00:18.3 to group 7
     nov 06 20:43:45 Frida kernel: iommu: Adding device 0000:00:18.4 to group 7
     nov 06 20:43:45 Frida kernel: iommu: Adding device 0000:00:18.5 to group 7
     nov 06 20:43:45 Frida kernel: iommu: Adding device 0000:00:18.6 to group 7
     nov 06 20:43:45 Frida kernel: iommu: Adding device 0000:00:18.7 to group 7
     nov 06 20:43:45 Frida kernel: iommu: Adding device 0000:00:19.0 to group 8
     nov 06 20:43:45 Frida kernel: iommu: Adding device 0000:00:19.1 to group 8
     nov 06 20:43:45 Frida kernel: iommu: Adding device 0000:00:19.2 to group 8
     nov 06 20:43:45 Frida kernel: iommu: Adding device 0000:00:19.3 to group 8
     nov 06 20:43:45 Frida kernel: iommu: Adding device 0000:00:19.4 to group 8
     nov 06 20:43:45 Frida kernel: iommu: Adding device 0000:00:19.5 to group 8
     nov 06 20:43:45 Frida kernel: iommu: Adding device 0000:00:19.6 to group 8
     nov 06 20:43:45 Frida kernel: iommu: Adding device 0000:00:19.7 to group 8
     nov 06 20:43:45 Frida kernel: iommu: Adding device 0000:01:00.0 to group 0
     nov 06 20:43:45 Frida kernel: iommu: Adding device 0000:01:00.1 to group 0
     nov 06 20:43:45 Frida kernel: iommu: Adding device 0000:01:00.2 to group 0
     nov 06 20:43:45 Frida kernel: iommu: Adding device 0000:02:00.0 to group 0
     nov 06 20:43:45 Frida kernel: iommu: Adding device 0000:02:02.0 to group 0
     nov 06 20:43:45 Frida kernel: iommu: Adding device 0000:02:03.0 to group 0
     nov 06 20:43:45 Frida kernel: iommu: Adding device 0000:02:04.0 to group 0
     nov 06 20:43:45 Frida kernel: iommu: Adding device 0000:03:00.0 to group 0
     nov 06 20:43:45 Frida kernel: iommu: Adding device 0000:04:00.0 to group 0
     nov 06 20:43:45 Frida kernel: iommu: Adding device 0000:05:00.0 to group 0
     nov 06 20:43:45 Frida kernel: iommu: Adding device 0000:07:00.0 to group 0
     nov 06 20:43:45 Frida kernel: iommu: Adding device 0000:08:00.0 to group 4
     nov 06 20:43:45 Frida kernel: iommu: Adding device 0000:08:00.2 to group 4
     nov 06 20:43:45 Frida kernel: iommu: Adding device 0000:08:00.3 to group 4
     nov 06 20:43:45 Frida kernel: iommu: Adding device 0000:09:00.0 to group 5
     nov 06 20:43:45 Frida kernel: iommu: Adding device 0000:09:00.2 to group 5
     nov 06 20:43:45 Frida kernel: iommu: Adding device 0000:09:00.3 to group 5
     nov 06 20:43:45 Frida kernel: AMD-Vi: Found IOMMU at 0000:00:00.2 cap 0x40
     nov 06 20:43:45 Frida kernel: AMD-Vi: Extended features (0xf77ef22294ada):
     nov 06 20:43:45 Frida kernel:  PPR NX GT IA GA PC GA_vAPIC
     nov 06 20:43:45 Frida kernel: AMD-Vi: Lazy IO/TLB flushing enabled
     nov 06 20:43:45 Frida kernel: amd_uncore: AMD NB counters detected
     nov 06 20:43:45 Frida kernel: amd_uncore: AMD LLC counters detected
     nov 06 20:43:45 Frida kernel: perf/amd_iommu: Detected AMD IOMMU #0 (2 banks, 4 counters/bank).
     nov 06 20:43:45 Frida kernel: Scanning for low memory corruption every 60 seconds
     nov 06 20:43:45 Frida kernel: Initialise system trusted keyrings
     nov 06 20:43:45 Frida kernel: Key type blacklist registered
     nov 06 20:43:45 Frida kernel: workingset: timestamp_bits=36 max_order=23 bucket_order=0
     nov 06 20:43:45 Frida kernel: zbud: loaded
     nov 06 20:43:45 Frida kernel: squashfs: version 4.0 (2009/01/31) Phillip Lougher
     nov 06 20:43:45 Frida kernel: fuse init (API version 7.26)
     nov 06 20:43:45 Frida kernel: Key type asymmetric registered
     nov 06 20:43:45 Frida kernel: Asymmetric key parser 'x509' registered
     nov 06 20:43:45 Frida kernel: Block layer SCSI generic (bsg) driver version 0.4 loaded (major 246)
     nov 06 20:43:45 Frida kernel: io scheduler noop registered
     nov 06 20:43:45 Frida kernel: io scheduler deadline registered
     nov 06 20:43:45 Frida kernel: io scheduler cfq registered (default)
     nov 06 20:43:45 Frida kernel: pcieport 0000:00:01.1: Signaling PME with IRQ 29
     nov 06 20:43:45 Frida kernel: pcieport 0000:00:01.2: Signaling PME with IRQ 30
     nov 06 20:43:45 Frida kernel: pcieport 0000:00:07.1: Signaling PME with IRQ 31
     nov 06 20:43:45 Frida kernel: pcieport 0000:00:08.1: Signaling PME with IRQ 33
     nov 06 20:43:45 Frida kernel: pcieport 0000:40:03.1: Signaling PME with IRQ 40
     nov 06 20:43:45 Frida kernel: pcieport 0000:40:07.1: Signaling PME with IRQ 41
     nov 06 20:43:45 Frida kernel: pcieport 0000:40:08.1: Signaling PME with IRQ 43
     nov 06 20:43:45 Frida kernel: dpc 0000:00:01.1:pcie010: DPC error containment capabilities: Int Msg #0, RPExt+ PoisonedTLP+ SwTrigger+ RP PIO Log 6, DL_ActiveErr+
     nov 06 20:43:45 Frida kernel: dpc 0000:00:01.2:pcie010: DPC error containment capabilities: Int Msg #0, RPExt+ PoisonedTLP+ SwTrigger+ RP PIO Log 6, DL_ActiveErr+
     nov 06 20:43:45 Frida kernel: dpc 0000:40:03.1:pcie010: DPC error containment capabilities: Int Msg #0, RPExt+ PoisonedTLP+ SwTrigger+ RP PIO Log 6, DL_ActiveErr+
     nov 06 20:43:45 Frida kernel: efifb: probing for efifb
     nov 06 20:43:45 Frida kernel: efifb: framebuffer at 0x91000000, using 3072k, total 3072k
     nov 06 20:43:45 Frida kernel: efifb: mode is 1024x768x32, linelength=4096, pages=1
     nov 06 20:43:45 Frida kernel: efifb: scrolling: redraw
     nov 06 20:43:45 Frida kernel: efifb: Truecolor: size=8:8:8:8, shift=24:16:8:0
     nov 06 20:43:45 Frida kernel: Console: switching to colour frame buffer device 128x48
     nov 06 20:43:45 Frida kernel: fb0: EFI VGA frame buffer device
     nov 06 20:43:45 Frida kernel: input: Power Button as /devices/LNXSYSTM:00/LNXSYBUS:00/PNP0C0C:00/input/input0
     nov 06 20:43:45 Frida kernel: ACPI: Power Button [PWRB]
     nov 06 20:43:45 Frida kernel: input: Power Button as /devices/LNXSYSTM:00/LNXPWRBN:00/input/input1
     nov 06 20:43:45 Frida kernel: ACPI: Power Button [PWRF]
     nov 06 20:43:45 Frida kernel: [Firmware Bug]: ACPI MWAIT C-state 0x0 not supported by HW (0x0)
     nov 06 20:43:45 Frida kernel: [Firmware Bug]: ACPI MWAIT C-state 0x0 not supported by HW (0x0)
     nov 06 20:43:45 Frida kernel: [Firmware Bug]: ACPI MWAIT C-state 0x0 not supported by HW (0x0)
     nov 06 20:43:45 Frida kernel: [Firmware Bug]: ACPI MWAIT C-state 0x0 not supported by HW (0x0)
     nov 06 20:43:45 Frida kernel: [Firmware Bug]: ACPI MWAIT C-state 0x0 not supported by HW (0x0)
     nov 06 20:43:45 Frida kernel: [Firmware Bug]: ACPI MWAIT C-state 0x0 not supported by HW (0x0)
     nov 06 20:43:45 Frida kernel: [Firmware Bug]: ACPI MWAIT C-state 0x0 not supported by HW (0x0)
     nov 06 20:43:45 Frida kernel: [Firmware Bug]: ACPI MWAIT C-state 0x0 not supported by HW (0x0)
     nov 06 20:43:45 Frida kernel: [Firmware Bug]: ACPI MWAIT C-state 0x0 not supported by HW (0x0)
     nov 06 20:43:45 Frida kernel: [Firmware Bug]: ACPI MWAIT C-state 0x0 not supported by HW (0x0)
     nov 06 20:43:45 Frida kernel: [Firmware Bug]: ACPI MWAIT C-state 0x0 not supported by HW (0x0)
     nov 06 20:43:45 Frida kernel: [Firmware Bug]: ACPI MWAIT C-state 0x0 not supported by HW (0x0)
     nov 06 20:43:45 Frida kernel: [Firmware Bug]: ACPI MWAIT C-state 0x0 not supported by HW (0x0)
     nov 06 20:43:45 Frida kernel: [Firmware Bug]: ACPI MWAIT C-state 0x0 not supported by HW (0x0)
     nov 06 20:43:45 Frida kernel: [Firmware Bug]: ACPI MWAIT C-state 0x0 not supported by HW (0x0)
     nov 06 20:43:45 Frida kernel: [Firmware Bug]: ACPI MWAIT C-state 0x0 not supported by HW (0x0)
     nov 06 20:43:45 Frida kernel: Serial: 8250/16550 driver, 32 ports, IRQ sharing enabled
     nov 06 20:43:45 Frida kernel: Linux agpgart interface v0.103
     nov 06 20:43:45 Frida kernel: loop: module loaded
     nov 06 20:43:45 Frida kernel: libphy: Fixed MDIO Bus: probed
     nov 06 20:43:45 Frida kernel: tun: Universal TUN/TAP device driver, 1.6
     nov 06 20:43:45 Frida kernel: PPP generic driver version 2.4.2
     nov 06 20:43:45 Frida kernel: ehci_hcd: USB 2.0 'Enhanced' Host Controller (EHCI) Driver
     nov 06 20:43:45 Frida kernel: ehci-pci: EHCI PCI platform driver
     nov 06 20:43:45 Frida kernel: ehci-platform: EHCI generic platform driver
     nov 06 20:43:45 Frida kernel: ohci_hcd: USB 1.1 'Open' Host Controller (OHCI) Driver
     nov 06 20:43:45 Frida kernel: ohci-pci: OHCI PCI platform driver
     nov 06 20:43:45 Frida kernel: ohci-platform: OHCI generic platform driver
     nov 06 20:43:45 Frida kernel: uhci_hcd: USB Universal Host Controller Interface driver
     nov 06 20:43:45 Frida kernel: xhci_hcd 0000:01:00.0: xHCI Host Controller
     nov 06 20:43:45 Frida kernel: xhci_hcd 0000:01:00.0: new USB bus registered, assigned bus number 1
     nov 06 20:43:45 Frida kernel: xhci_hcd 0000:01:00.0: hcc params 0x0200ef81 hci version 0x110 quirks 0x0000000008000410
     nov 06 20:43:45 Frida kernel: usb usb1: New USB device found, idVendor=1d6b, idProduct=0002
     nov 06 20:43:45 Frida kernel: usb usb1: New USB device strings: Mfr=3, Product=2, SerialNumber=1
     nov 06 20:43:45 Frida kernel: usb usb1: Product: xHCI Host Controller
     nov 06 20:43:45 Frida kernel: usb usb1: Manufacturer: Linux 4.15.0-66-generic xhci-hcd
     nov 06 20:43:45 Frida kernel: usb usb1: SerialNumber: 0000:01:00.0
     nov 06 20:43:45 Frida kernel: hub 1-0:1.0: USB hub found
     nov 06 20:43:45 Frida kernel: hub 1-0:1.0: 14 ports detected
     nov 06 20:43:45 Frida kernel: xhci_hcd 0000:01:00.0: xHCI Host Controller
     nov 06 20:43:45 Frida kernel: xhci_hcd 0000:01:00.0: new USB bus registered, assigned bus number 2
     nov 06 20:43:45 Frida kernel: xhci_hcd 0000:01:00.0: Host supports USB 3.10 Enhanced SuperSpeed
     nov 06 20:43:45 Frida kernel: usb usb2: We don't know the algorithms for LPM for this host, disabling LPM.
     nov 06 20:43:45 Frida kernel: usb usb2: New USB device found, idVendor=1d6b, idProduct=0003
     nov 06 20:43:45 Frida kernel: usb usb2: New USB device strings: Mfr=3, Product=2, SerialNumber=1
     nov 06 20:43:45 Frida kernel: usb usb2: Product: xHCI Host Controller
     nov 06 20:43:45 Frida kernel: usb usb2: Manufacturer: Linux 4.15.0-66-generic xhci-hcd
     nov 06 20:43:45 Frida kernel: usb usb2: SerialNumber: 0000:01:00.0
     nov 06 20:43:45 Frida kernel: hub 2-0:1.0: USB hub found
     nov 06 20:43:45 Frida kernel: hub 2-0:1.0: 8 ports detected
     nov 06 20:43:45 Frida kernel: xhci_hcd 0000:03:00.0: xHCI Host Controller
     nov 06 20:43:45 Frida kernel: xhci_hcd 0000:03:00.0: new USB bus registered, assigned bus number 3
     nov 06 20:43:45 Frida kernel: xhci_hcd 0000:03:00.0: hcc params 0x0200eec1 hci version 0x110 quirks 0x0000000000000010
     nov 06 20:43:45 Frida kernel: usb usb3: New USB device found, idVendor=1d6b, idProduct=0002
     nov 06 20:43:45 Frida kernel: usb usb3: New USB device strings: Mfr=3, Product=2, SerialNumber=1
     nov 06 20:43:45 Frida kernel: usb usb3: Product: xHCI Host Controller
     nov 06 20:43:45 Frida kernel: usb usb3: Manufacturer: Linux 4.15.0-66-generic xhci-hcd
     nov 06 20:43:45 Frida kernel: usb usb3: SerialNumber: 0000:03:00.0
     nov 06 20:43:45 Frida kernel: hub 3-0:1.0: USB hub found
     nov 06 20:43:45 Frida kernel: hub 3-0:1.0: 2 ports detected
     nov 06 20:43:45 Frida kernel: xhci_hcd 0000:03:00.0: xHCI Host Controller
     nov 06 20:43:45 Frida kernel: xhci_hcd 0000:03:00.0: new USB bus registered, assigned bus number 4
     nov 06 20:43:45 Frida kernel: xhci_hcd 0000:03:00.0: Host supports USB 3.1 Enhanced SuperSpeed
     nov 06 20:43:45 Frida kernel: usb usb4: We don't know the algorithms for LPM for this host, disabling LPM.
     nov 06 20:43:45 Frida kernel: usb usb4: New USB device found, idVendor=1d6b, idProduct=0003
     nov 06 20:43:45 Frida kernel: usb usb4: New USB device strings: Mfr=3, Product=2, SerialNumber=1
     nov 06 20:43:45 Frida kernel: usb usb4: Product: xHCI Host Controller
     nov 06 20:43:45 Frida kernel: usb usb4: Manufacturer: Linux 4.15.0-66-generic xhci-hcd
     nov 06 20:43:45 Frida kernel: usb usb4: SerialNumber: 0000:03:00.0
     nov 06 20:43:45 Frida kernel: hub 4-0:1.0: USB hub found
     nov 06 20:43:45 Frida kernel: hub 4-0:1.0: 2 ports detected
     nov 06 20:43:45 Frida kernel: xhci_hcd 0000:08:00.3: xHCI Host Controller
     nov 06 20:43:45 Frida kernel: xhci_hcd 0000:08:00.3: new USB bus registered, assigned bus number 5
     nov 06 20:43:45 Frida kernel: xhci_hcd 0000:08:00.3: hcc params 0x0270f665 hci version 0x100 quirks 0x0000000000000410
     nov 06 20:43:45 Frida kernel: usb usb5: New USB device found, idVendor=1d6b, idProduct=0002
     nov 06 20:43:45 Frida kernel: usb usb5: New USB device strings: Mfr=3, Product=2, SerialNumber=1
     nov 06 20:43:45 Frida kernel: usb usb5: Product: xHCI Host Controller
     nov 06 20:43:45 Frida kernel: usb usb5: Manufacturer: Linux 4.15.0-66-generic xhci-hcd
     nov 06 20:43:45 Frida kernel: usb usb5: SerialNumber: 0000:08:00.3
     nov 06 20:43:45 Frida kernel: hub 5-0:1.0: USB hub found
     nov 06 20:43:45 Frida kernel: hub 5-0:1.0: 4 ports detected
     nov 06 20:43:45 Frida kernel: xhci_hcd 0000:08:00.3: xHCI Host Controller
     nov 06 20:43:45 Frida kernel: xhci_hcd 0000:08:00.3: new USB bus registered, assigned bus number 6
     nov 06 20:43:45 Frida kernel: xhci_hcd 0000:08:00.3: Host supports USB 3.0  SuperSpeed
     nov 06 20:43:45 Frida kernel: usb usb6: We don't know the algorithms for LPM for this host, disabling LPM.
     nov 06 20:43:45 Frida kernel: usb usb6: New USB device found, idVendor=1d6b, idProduct=0003
     nov 06 20:43:45 Frida kernel: usb usb6: New USB device strings: Mfr=3, Product=2, SerialNumber=1
     nov 06 20:43:45 Frida kernel: usb usb6: Product: xHCI Host Controller
     nov 06 20:43:45 Frida kernel: usb usb6: Manufacturer: Linux 4.15.0-66-generic xhci-hcd
     nov 06 20:43:45 Frida kernel: usb usb6: SerialNumber: 0000:08:00.3
     nov 06 20:43:45 Frida kernel: hub 6-0:1.0: USB hub found
     nov 06 20:43:45 Frida kernel: hub 6-0:1.0: 4 ports detected
     nov 06 20:43:45 Frida kernel: xhci_hcd 0000:42:00.3: xHCI Host Controller
     nov 06 20:43:45 Frida kernel: xhci_hcd 0000:42:00.3: new USB bus registered, assigned bus number 7
     nov 06 20:43:45 Frida kernel: xhci_hcd 0000:42:00.3: hcc params 0x0270f665 hci version 0x100 quirks 0x0000000000000410
     nov 06 20:43:45 Frida kernel: usb usb7: New USB device found, idVendor=1d6b, idProduct=0002
     nov 06 20:43:45 Frida kernel: usb usb7: New USB device strings: Mfr=3, Product=2, SerialNumber=1
     nov 06 20:43:45 Frida kernel: usb usb7: Product: xHCI Host Controller
     nov 06 20:43:45 Frida kernel: usb usb7: Manufacturer: Linux 4.15.0-66-generic xhci-hcd
     nov 06 20:43:45 Frida kernel: usb usb7: SerialNumber: 0000:42:00.3
     nov 06 20:43:45 Frida kernel: hub 7-0:1.0: USB hub found
     nov 06 20:43:45 Frida kernel: hub 7-0:1.0: 4 ports detected
     nov 06 20:43:45 Frida kernel: xhci_hcd 0000:42:00.3: xHCI Host Controller
     nov 06 20:43:45 Frida kernel: xhci_hcd 0000:42:00.3: new USB bus registered, assigned bus number 8
     nov 06 20:43:45 Frida kernel: xhci_hcd 0000:42:00.3: Host supports USB 3.0  SuperSpeed
     nov 06 20:43:45 Frida kernel: usb usb8: We don't know the algorithms for LPM for this host, disabling LPM.
     nov 06 20:43:45 Frida kernel: usb usb8: New USB device found, idVendor=1d6b, idProduct=0003
     nov 06 20:43:45 Frida kernel: usb usb8: New USB device strings: Mfr=3, Product=2, SerialNumber=1
     nov 06 20:43:45 Frida kernel: usb usb8: Product: xHCI Host Controller
     nov 06 20:43:45 Frida kernel: usb usb8: Manufacturer: Linux 4.15.0-66-generic xhci-hcd
     nov 06 20:43:45 Frida kernel: usb usb8: SerialNumber: 0000:42:00.3
     nov 06 20:43:45 Frida kernel: hub 8-0:1.0: USB hub found
     nov 06 20:43:45 Frida kernel: hub 8-0:1.0: 4 ports detected
     nov 06 20:43:45 Frida kernel: i8042: PNP: No PS/2 controller found.
     nov 06 20:43:45 Frida kernel: mousedev: PS/2 mouse device common for all mice
     nov 06 20:43:45 Frida kernel: rtc_cmos 00:02: RTC can wake from S4
     nov 06 20:43:45 Frida kernel: rtc_cmos 00:02: rtc core: registered rtc_cmos as rtc0
     nov 06 20:43:45 Frida kernel: rtc_cmos 00:02: alarms up to one month, y3k, 114 bytes nvram, hpet irqs
     nov 06 20:43:45 Frida kernel: i2c /dev entries driver
     nov 06 20:43:45 Frida kernel: device-mapper: uevent: version 1.0.3
     nov 06 20:43:45 Frida kernel: device-mapper: ioctl: 4.37.0-ioctl (2017-09-20) initialised: dm-devel@redhat.com
     nov 06 20:43:45 Frida kernel: ledtrig-cpu: registered to indicate activity on CPUs
     nov 06 20:43:45 Frida kernel: EFI Variables Facility v0.08 2004-May-17
     nov 06 20:43:45 Frida kernel: NET: Registered protocol family 10
     nov 06 20:43:45 Frida kernel: Segment Routing with IPv6
     nov 06 20:43:45 Frida kernel: NET: Registered protocol family 17
     nov 06 20:43:45 Frida kernel: Key type dns_resolver registered
     nov 06 20:43:45 Frida kernel: mce: Using 23 MCE banks
     nov 06 20:43:45 Frida kernel: RAS: Correctable Errors collector initialized.
     nov 06 20:43:45 Frida kernel: microcode: CPU0: patch_level=0x08001137
     nov 06 20:43:45 Frida kernel: microcode: CPU1: patch_level=0x08001137
     nov 06 20:43:45 Frida kernel: microcode: CPU2: patch_level=0x08001137
     nov 06 20:43:45 Frida kernel: microcode: CPU3: patch_level=0x08001137
     nov 06 20:43:45 Frida kernel: microcode: CPU4: patch_level=0x08001137
     nov 06 20:43:45 Frida kernel: microcode: CPU5: patch_level=0x08001137
     nov 06 20:43:45 Frida kernel: microcode: CPU6: patch_level=0x08001137
     nov 06 20:43:45 Frida kernel: microcode: CPU7: patch_level=0x08001137
     nov 06 20:43:45 Frida kernel: microcode: CPU8: patch_level=0x08001137
     nov 06 20:43:45 Frida kernel: microcode: CPU9: patch_level=0x08001137
     nov 06 20:43:45 Frida kernel: microcode: CPU10: patch_level=0x08001137
     nov 06 20:43:45 Frida kernel: microcode: CPU11: patch_level=0x08001137
     nov 06 20:43:45 Frida kernel: microcode: CPU12: patch_level=0x08001137
     nov 06 20:43:45 Frida kernel: microcode: CPU13: patch_level=0x08001137
     nov 06 20:43:45 Frida kernel: microcode: CPU14: patch_level=0x08001137
     nov 06 20:43:45 Frida kernel: microcode: CPU15: patch_level=0x08001137
     nov 06 20:43:45 Frida kernel: microcode: Microcode Update Driver: v2.2.
     nov 06 20:43:45 Frida kernel: sched_clock: Marking stable (1183074929, 0)->(1156786229, 26288700)
     nov 06 20:43:45 Frida kernel: registered taskstats version 1
     nov 06 20:43:45 Frida kernel: Loading compiled-in X.509 certificates
     nov 06 20:43:45 Frida kernel: Loaded X.509 cert 'Build time autogenerated kernel key: b403aa2f6b5a8b809b81566991891c544ad7d3fe'
     nov 06 20:43:45 Frida kernel: Couldn't get size: 0x800000000000000e
     nov 06 20:43:45 Frida kernel: MODSIGN: Couldn't get UEFI db list
     nov 06 20:43:45 Frida kernel: Couldn't get size: 0x800000000000000e
     nov 06 20:43:45 Frida kernel: MODSIGN: Couldn't get UEFI MokListRT
     nov 06 20:43:45 Frida kernel: Couldn't get size: 0x800000000000000e
     nov 06 20:43:45 Frida kernel: MODSIGN: Couldn't get UEFI dbx list
     nov 06 20:43:45 Frida kernel: zswap: loaded using pool lzo/zbud
     nov 06 20:43:45 Frida kernel: Key type big_key registered
     nov 06 20:43:45 Frida kernel: Key type trusted registered
     nov 06 20:43:45 Frida kernel: Key type encrypted registered
     nov 06 20:43:45 Frida kernel: AppArmor: AppArmor sha1 policy hashing enabled
     nov 06 20:43:45 Frida kernel: ima: No TPM chip found, activating TPM-bypass! (rc=-19)
     nov 06 20:43:45 Frida kernel: ima: Allocated hash algorithm: sha1
     nov 06 20:43:45 Frida kernel: evm: HMAC attrs: 0x1
     nov 06 20:43:45 Frida kernel:   Magic number: 11:182:748
     nov 06 20:43:45 Frida kernel: rtc_cmos 00:02: setting system clock to 2019-11-06 19:43:37 UTC (1573069417)
     nov 06 20:43:45 Frida kernel: acpi_cpufreq: overriding BIOS provided _PSD data
     nov 06 20:43:45 Frida kernel: BIOS EDD facility v0.16 2004-Jun-25, 0 devices found
     nov 06 20:43:45 Frida kernel: EDD information not available.
     nov 06 20:43:45 Frida kernel: usb 1-7: new full-speed USB device number 2 using xhci_hcd
     nov 06 20:43:45 Frida kernel: Freeing unused kernel image memory: 2428K
     nov 06 20:43:45 Frida kernel: Write protecting the kernel read-only data: 20480k
     nov 06 20:43:45 Frida kernel: Freeing unused kernel image memory: 2008K
     nov 06 20:43:45 Frida kernel: Freeing unused kernel image memory: 1936K
     nov 06 20:43:45 Frida kernel: x86/mm: Checked W+X mappings: passed, no W+X pages found.
     nov 06 20:43:45 Frida kernel: random: systemd-udevd: uninitialized urandom read (16 bytes read)
     nov 06 20:43:45 Frida kernel: random: systemd-udevd: uninitialized urandom read (16 bytes read)
     nov 06 20:43:45 Frida kernel: random: systemd-udevd: uninitialized urandom read (16 bytes read)
     nov 06 20:43:45 Frida kernel: ahci 0000:01:00.1: version 3.0
     nov 06 20:43:45 Frida kernel: ahci 0000:01:00.1: SSS flag set, parallel bus scan disabled
     nov 06 20:43:45 Frida kernel: ahci 0000:01:00.1: AHCI 0001.0301 32 slots 8 ports 6 Gbps 0xff impl SATA mode
     nov 06 20:43:45 Frida kernel: ahci 0000:01:00.1: flags: 64bit ncq sntf stag pm led clo only pmp pio slum part sxs deso sadm sds apst 
     nov 06 20:43:45 Frida kernel: ipmi message handler version 39.2
     nov 06 20:43:45 Frida kernel: ipmi device interface
     nov 06 20:43:45 Frida kernel: usb 1-7: New USB device found, idVendor=8087, idProduct=0a2b
     nov 06 20:43:45 Frida kernel: usb 1-7: New USB device strings: Mfr=0, Product=0, SerialNumber=0
     nov 06 20:43:45 Frida kernel: alx 0000:05:00.0 eth0: Qualcomm Atheros AR816x/AR817x Ethernet [e0:d5:5e:29:90:47]
     nov 06 20:43:45 Frida kernel: scsi host0: ahci
     nov 06 20:43:45 Frida kernel: nvme nvme0: pci function 0000:07:00.0
     nov 06 20:43:45 Frida kernel: scsi host1: ahci
     nov 06 20:43:45 Frida kernel: scsi host2: ahci
     nov 06 20:43:45 Frida kernel: scsi host3: ahci
     nov 06 20:43:45 Frida kernel: scsi host4: ahci
     nov 06 20:43:45 Frida kernel: scsi host5: ahci
     nov 06 20:43:45 Frida kernel: scsi host6: ahci
     nov 06 20:43:45 Frida kernel: scsi host7: ahci
     nov 06 20:43:45 Frida kernel: ata1: SATA max UDMA/133 abar m131072@0xba380000 port 0xba380100 irq 51
     nov 06 20:43:45 Frida kernel: ata2: SATA max UDMA/133 abar m131072@0xba380000 port 0xba380180 irq 51
     nov 06 20:43:45 Frida kernel: ata3: SATA max UDMA/133 abar m131072@0xba380000 port 0xba380200 irq 51
     nov 06 20:43:45 Frida kernel: ata4: SATA max UDMA/133 abar m131072@0xba380000 port 0xba380280 irq 51
     nov 06 20:43:45 Frida kernel: ata5: SATA max UDMA/133 abar m131072@0xba380000 port 0xba380300 irq 51
     nov 06 20:43:45 Frida kernel: ata6: SATA max UDMA/133 abar m131072@0xba380000 port 0xba380380 irq 51
     nov 06 20:43:45 Frida kernel: ata7: SATA max UDMA/133 abar m131072@0xba380000 port 0xba380400 irq 51
     nov 06 20:43:45 Frida kernel: ata8: SATA max UDMA/133 abar m131072@0xba380000 port 0xba380480 irq 51
     nov 06 20:43:45 Frida kernel: ahci 0000:09:00.2: AHCI 0001.0301 32 slots 1 ports 6 Gbps 0x1 impl SATA mode
     nov 06 20:43:45 Frida kernel: ahci 0000:09:00.2: flags: 64bit ncq sntf ilck pm led clo only pmp fbs pio slum part 
     nov 06 20:43:45 Frida kernel: scsi host8: ahci
     nov 06 20:43:45 Frida kernel: ata9: SATA max UDMA/133 abar m4096@0xba708000 port 0xba708100 irq 55
     nov 06 20:43:45 Frida kernel: alx 0000:05:00.0 enp5s0: renamed from eth0
     nov 06 20:43:45 Frida kernel: PKCS#7 signature not signed with a trusted key
     nov 06 20:43:45 Frida kernel: nvidia: loading out-of-tree module taints kernel.
     nov 06 20:43:45 Frida kernel: nvidia: module license 'NVIDIA' taints kernel.
     nov 06 20:43:45 Frida kernel: Disabling lock debugging due to kernel taint
     nov 06 20:43:45 Frida kernel: nvidia: module verification failed: signature and/or required key missing - tainting kernel
     nov 06 20:43:45 Frida kernel: nvidia-nvlink: Nvlink Core is being initialized, major device number 238
     nov 06 20:43:45 Frida kernel: nvidia 0000:41:00.0: vgaarb: changed VGA decodes: olddecodes=io+mem,decodes=none:owns=io+mem
     nov 06 20:43:45 Frida kernel: usb 1-8: new full-speed USB device number 3 using xhci_hcd
     nov 06 20:43:45 Frida kernel: NVRM: loading NVIDIA UNIX x86_64 Kernel Module  430.26  Tue Jun  4 17:40:52 CDT 2019
     nov 06 20:43:45 Frida kernel: PKCS#7 signature not signed with a trusted key
     nov 06 20:43:45 Frida kernel: nvidia-modeset: Loading NVIDIA Kernel Mode Setting Driver for UNIX platforms  430.26  Tue Jun  4 17:45:09 CDT 2019
     nov 06 20:43:45 Frida kernel: PKCS#7 signature not signed with a trusted key
     nov 06 20:43:45 Frida kernel: [drm] [nvidia-drm] [GPU ID 0x00004100] Loading driver
     nov 06 20:43:45 Frida kernel: [drm] Initialized nvidia-drm 0.0.0 20160202 for 0000:41:00.0 on minor 0
     nov 06 20:43:45 Frida kernel:  nvme0n1: p1 p2 < p5 p6 >
     nov 06 20:43:45 Frida kernel: tsc: Refined TSC clocksource calibration: 3792.864 MHz
     nov 06 20:43:45 Frida kernel: clocksource: tsc: mask: 0xffffffffffffffff max_cycles: 0x6d580438692, max_idle_ns: 881590420392 ns
     nov 06 20:43:45 Frida kernel: PKCS#7 signature not signed with a trusted key
     nov 06 20:43:45 Frida kernel: ata1: SATA link down (SStatus 0 SControl 300)
     nov 06 20:43:45 Frida kernel: ata9: SATA link down (SStatus 0 SControl 300)
     nov 06 20:43:45 Frida kernel: usb 1-8: New USB device found, idVendor=048d, idProduct=8295
     nov 06 20:43:45 Frida kernel: usb 1-8: New USB device strings: Mfr=1, Product=2, SerialNumber=0
     nov 06 20:43:45 Frida kernel: usb 1-8: Product: ITE Device(8595)
     nov 06 20:43:45 Frida kernel: usb 1-8: Manufacturer: ITE Tech. Inc.
     nov 06 20:43:45 Frida kernel: ata2: SATA link down (SStatus 0 SControl 300)
     nov 06 20:43:45 Frida kernel: usb 1-11: new full-speed USB device number 4 using xhci_hcd
     nov 06 20:43:45 Frida kernel: ata3: SATA link down (SStatus 0 SControl 300)
     nov 06 20:43:45 Frida kernel: usb 1-11: New USB device found, idVendor=1e71, idProduct=170e
     nov 06 20:43:45 Frida kernel: usb 1-11: New USB device strings: Mfr=1, Product=2, SerialNumber=3
     nov 06 20:43:45 Frida kernel: usb 1-11: Product: NZXT USB Device
     nov 06 20:43:45 Frida kernel: usb 1-11: Manufacturer: NZXT.-Inc.
     nov 06 20:43:45 Frida kernel: usb 1-11: SerialNumber: 5D87337B353
     nov 06 20:43:45 Frida kernel: usb 1-12: new low-speed USB device number 5 using xhci_hcd
     nov 06 20:43:45 Frida kernel: ata4: SATA link down (SStatus 0 SControl 300)
     nov 06 20:43:45 Frida kernel: clocksource: Switched to clocksource tsc
     nov 06 20:43:45 Frida kernel: usb 1-12: New USB device found, idVendor=1c4f, idProduct=0002
     nov 06 20:43:45 Frida kernel: usb 1-12: New USB device strings: Mfr=1, Product=2, SerialNumber=0
     nov 06 20:43:45 Frida kernel: usb 1-12: Product: USB Keykoard
     nov 06 20:43:45 Frida kernel: usb 1-12: Manufacturer: USB
     nov 06 20:43:45 Frida kernel: hidraw: raw HID events driver (C) Jiri Kosina
     nov 06 20:43:45 Frida kernel: usbcore: registered new interface driver usbhid
     nov 06 20:43:45 Frida kernel: usbhid: USB HID core driver
     nov 06 20:43:45 Frida kernel: hid-generic 0003:048D:8295.0001: hiddev0,hidraw0: USB HID v1.10 Device [ITE Tech. Inc. ITE Device(8595)] on usb-0000:01:00.0-8/input0
     nov 06 20:43:45 Frida kernel: hid-generic 0003:1E71:170E.0002: hiddev1,hidraw1: USB HID v1.10 Device [NZXT.-Inc. NZXT USB Device] on usb-0000:01:00.0-11/input0
     nov 06 20:43:45 Frida kernel: input: USB USB Keykoard as /devices/pci0000:00/0000:00:01.1/0000:01:00.0/usb1/1-12/1-12:1.0/0003:1C4F:0002.0003/input/input2
     nov 06 20:43:45 Frida kernel: ata5: SATA link down (SStatus 0 SControl 300)
     nov 06 20:43:45 Frida kernel: hid-generic 0003:1C4F:0002.0003: input,hidraw2: USB HID v1.10 Keyboard [USB USB Keykoard] on usb-0000:01:00.0-12/input0
     nov 06 20:43:45 Frida kernel: input: USB USB Keykoard as /devices/pci0000:00/0000:00:01.1/0000:01:00.0/usb1/1-12/1-12:1.1/0003:1C4F:0002.0004/input/input3
     nov 06 20:43:45 Frida kernel: hid-generic 0003:1C4F:0002.0004: input,hidraw3: USB HID v1.10 Device [USB USB Keykoard] on usb-0000:01:00.0-12/input1
     nov 06 20:43:45 Frida kernel: raid6: sse2x1   gen()  8638 MB/s
     nov 06 20:43:45 Frida kernel: raid6: sse2x1   xor()  8190 MB/s
     nov 06 20:43:45 Frida kernel: ata6: SATA link down (SStatus 0 SControl 300)
     nov 06 20:43:45 Frida kernel: raid6: sse2x2   gen() 16598 MB/s
     nov 06 20:43:45 Frida kernel: raid6: sse2x2   xor() 11076 MB/s
     nov 06 20:43:45 Frida kernel: raid6: sse2x4   gen() 17412 MB/s
     nov 06 20:43:45 Frida kernel: raid6: sse2x4   xor()  8856 MB/s
     nov 06 20:43:45 Frida kernel: raid6: avx2x1   gen() 18565 MB/s
     nov 06 20:43:45 Frida kernel: raid6: avx2x1   xor() 14533 MB/s
     nov 06 20:43:45 Frida kernel: ata7: SATA link down (SStatus 0 SControl 300)
     nov 06 20:43:45 Frida kernel: raid6: avx2x2   gen() 24886 MB/s
     nov 06 20:43:45 Frida kernel: raid6: avx2x2   xor() 15679 MB/s
     nov 06 20:43:45 Frida kernel: raid6: avx2x4   gen() 24808 MB/s
     nov 06 20:43:45 Frida kernel: raid6: avx2x4   xor() 11664 MB/s
     nov 06 20:43:45 Frida kernel: raid6: using algorithm avx2x2 gen() 24886 MB/s
     nov 06 20:43:45 Frida kernel: raid6: .... xor() 15679 MB/s, rmw enabled
     nov 06 20:43:45 Frida kernel: raid6: using avx2x2 recovery algorithm
     nov 06 20:43:45 Frida kernel: xor: automatically using best checksumming function   avx       
     nov 06 20:43:45 Frida kernel: Btrfs loaded, crc32c=crc32c-intel
     nov 06 20:43:45 Frida kernel: random: fast init done
     nov 06 20:43:45 Frida kernel: ata8: SATA link up 6.0 Gbps (SStatus 133 SControl 300)
     nov 06 20:43:45 Frida kernel: ata8.00: ATA-10: ST4000DM004-2CV104, 0001, max UDMA/133
     nov 06 20:43:45 Frida kernel: ata8.00: 7814037168 sectors, multi 16: LBA48 NCQ (depth 31/32), AA
     nov 06 20:43:45 Frida kernel: ata8.00: configured for UDMA/133
     nov 06 20:43:45 Frida kernel: scsi 7:0:0:0: Direct-Access     ATA      ST4000DM004-2CV1 0001 PQ: 0 ANSI: 5
     nov 06 20:43:45 Frida kernel: sd 7:0:0:0: Attached scsi generic sg0 type 0
     nov 06 20:43:45 Frida kernel: sd 7:0:0:0: [sda] 7814037168 512-byte logical blocks: (4.00 TB/3.64 TiB)
     nov 06 20:43:45 Frida kernel: sd 7:0:0:0: [sda] 4096-byte physical blocks
     nov 06 20:43:45 Frida kernel: sd 7:0:0:0: [sda] Write Protect is off
     nov 06 20:43:45 Frida kernel: sd 7:0:0:0: [sda] Mode Sense: 00 3a 00 00
     nov 06 20:43:45 Frida kernel: sd 7:0:0:0: [sda] Write cache: enabled, read cache: enabled, doesn't support DPO or FUA
     nov 06 20:43:45 Frida kernel:  sda: sda1 sda2 sda3 sda4 sda5
     nov 06 20:43:45 Frida kernel: sd 7:0:0:0: [sda] Attached SCSI disk
     nov 06 20:43:45 Frida kernel: EXT4-fs (nvme0n1p6): mounted filesystem with ordered data mode. Opts: (null)
     nov 06 20:43:45 Frida systemd[1]: systemd 229 running in system mode. (+PAM +AUDIT +SELINUX +IMA +APPARMOR +SMACK +SYSVINIT +UTMP +LIBCRYPTSETUP +GCRYPT +GNUTLS +ACL +XZ -LZ4 +SECCOMP +BLKID +ELFUTILS +KMOD -IDN)
     nov 06 20:43:45 Frida systemd[1]: Detected architecture x86-64.
     nov 06 20:43:45 Frida systemd[1]: Set hostname to <Frida>.
     nov 06 20:43:45 Frida systemd[1]: [/etc/systemd/system/snap-pycharm\x2dcommunity-163.mount:10] Unknown lvalue 'LazyUnmount' in section 'Mount'
     nov 06 20:43:45 Frida systemd[1]: [/etc/systemd/system/snap-core-8039.mount:10] Unknown lvalue 'LazyUnmount' in section 'Mount'
     nov 06 20:43:45 Frida systemd[1]: Listening on Journal Socket (/dev/log).
     nov 06 20:43:45 Frida systemd[1]: Started Forward Password Requests to Wall Directory Watch.
     nov 06 20:43:45 Frida systemd[1]: Started Trigger resolvconf update for networkd DNS.
     nov 06 20:43:45 Frida systemd[1]: Created slice User and Session Slice.
     nov 06 20:43:45 Frida systemd[1]: Listening on /dev/initctl Compatibility Named Pipe.
     nov 06 20:43:45 Frida kernel: lp: driver loaded but no devices found
     nov 06 20:43:45 Frida kernel: EXT4-fs (nvme0n1p6): re-mounted. Opts: errors=remount-ro
     nov 06 20:43:45 Frida kernel: ppdev: user-space parallel port driver
     nov 06 20:43:45 Frida systemd-journald[471]: Journal started
     nov 06 20:43:45 Frida systemd-modules-load[470]: Inserted module 'lp'
     nov 06 20:43:45 Frida systemd-modules-load[470]: Inserted module 'ppdev'
     nov 06 20:43:45 Frida systemd-modules-load[470]: Inserted module 'parport_pc'
     nov 06 20:43:45 Frida loadkeys[473]: Loading /etc/console-setup/cached.kmap.gz
     nov 06 20:43:45 Frida systemd[1]: Starting Flush Journal to Persistent Storage...
     nov 06 20:43:45 Frida systemd[1]: Mounted Mount unit for core, revision 8039.
     nov 06 20:43:45 Frida systemd[1]: Mounted Mount unit for pycharm-community, revision 155.
     nov 06 20:43:45 Frida systemd[1]: Mounted Mount unit for pycharm-community, revision 163.
     nov 06 20:43:45 Frida systemd[1]: Mounted Mount unit for core, revision 7917.
     nov 06 20:43:45 Frida kernel: acpi PNP0C14:02: duplicate WMI GUID 05901221-D566-11D1-B2F0-00A0C9062910 (first instance was on PNP0C14:01)
     nov 06 20:43:45 Frida systemd[1]: Started Flush Journal to Persistent Storage.
     nov 06 20:43:45 Frida systemd[1]: Started udev Coldplug all Devices.
     nov 06 20:43:45 Frida systemd[1]: Starting Show Plymouth Boot Screen...
     nov 06 20:43:45 Frida systemd[1]: Started Show Plymouth Boot Screen.
     nov 06 20:43:45 Frida systemd[1]: Started Forward Password Requests to Plymouth Directory Watch.
     nov 06 20:43:45 Frida kernel: shpchp: Standard Hot Plug PCI Controller Driver version: 0.4
     nov 06 20:43:45 Frida kernel: ACPI Warning: SystemIO range 0x0000000000000B00-0x0000000000000B08 conflicts with OpRegion 0x0000000000000B00-0x0000000000000B0F (\GSA1.SMBI) (20170831/utaddress-247)
     nov 06 20:43:45 Frida kernel: ACPI Warning: SystemIO range 0x0000000000000B00-0x0000000000000B08 conflicts with OpRegion 0x0000000000000B00-0x0000000000000B0F (\GSA1.SMBI) (20170831/utaddress-247)
     nov 06 20:43:45 Frida kernel: ACPI: If an ACPI driver is available for this device, you should use it instead of the native driver
     nov 06 20:43:45 Frida kernel: ccp 0000:08:00.2: enabling device (0000 -> 0002)
     nov 06 20:43:45 Frida kernel: cfg80211: Loading compiled-in X.509 certificates for regulatory database
     nov 06 20:43:45 Frida kernel: ccp 0000:08:00.2: ccp enabled
     nov 06 20:43:45 Frida kernel: ccp 0000:08:00.2: enabled
     nov 06 20:43:45 Frida kernel: PKCS#7 signature not signed with a trusted key
     nov 06 20:43:45 Frida kernel: ccp 0000:42:00.2: enabling device (0000 -> 0002)
     nov 06 20:43:45 Frida kernel: ccp 0000:42:00.2: ccp enabled
     nov 06 20:43:45 Frida kernel: ccp 0000:42:00.2: enabled
     nov 06 20:43:45 Frida mtp-probe[594]: checking bus 1, device 4: "/sys/devices/pci0000:00/0000:00:01.1/0000:01:00.0/usb1/1-11"
     nov 06 20:43:45 Frida mtp-probe[595]: checking bus 1, device 3: "/sys/devices/pci0000:00/0000:00:01.1/0000:01:00.0/usb1/1-8"
     nov 06 20:43:45 Frida kernel: cfg80211: Loaded X.509 cert 'sforshee: 00b28ddf47aef9cea7'
     nov 06 20:43:45 Frida kernel: random: crng init done
     nov 06 20:43:45 Frida kernel: random: 7 urandom warning(s) missed due to ratelimiting
     nov 06 20:43:45 Frida mtp-probe[596]: checking bus 1, device 5: "/sys/devices/pci0000:00/0000:00:01.1/0000:01:00.0/usb1/1-12"
     nov 06 20:43:45 Frida mtp-probe[594]: bus: 1, device: 4 was not an MTP device
     nov 06 20:43:45 Frida mtp-probe[595]: bus: 1, device: 3 was not an MTP device
     nov 06 20:43:45 Frida mtp-probe[596]: bus: 1, device: 5 was not an MTP device
     nov 06 20:43:45 Frida kernel: PKCS#7 signature not signed with a trusted key
     nov 06 20:43:45 Frida kernel: Bluetooth: Core ver 2.22
     nov 06 20:43:45 Frida kernel: NET: Registered protocol family 31
     nov 06 20:43:45 Frida kernel: Bluetooth: HCI device and connection manager initialized
     nov 06 20:43:45 Frida kernel: Bluetooth: HCI socket layer initialized
     nov 06 20:43:45 Frida kernel: Bluetooth: L2CAP socket layer initialized
     nov 06 20:43:45 Frida kernel: Bluetooth: SCO socket layer initialized
     nov 06 20:43:45 Frida kernel: Intel(R) Wireless WiFi driver for Linux
     nov 06 20:43:45 Frida kernel: Copyright(c) 2003- 2015 Intel Corporation
     nov 06 20:43:45 Frida kernel: iwlwifi 0000:04:00.0: enabling device (0000 -> 0002)
     nov 06 20:43:45 Frida kernel: usbcore: registered new interface driver btusb
     nov 06 20:43:45 Frida kernel: iwlwifi 0000:04:00.0: loaded firmware version 34.0.1 op_mode iwlmvm
     nov 06 20:43:45 Frida kernel: snd_hda_intel 0000:09:00.3: enabling device (0000 -> 0002)
     nov 06 20:43:45 Frida kernel: snd_hda_intel 0000:41:00.1: Disabling MSI
     nov 06 20:43:45 Frida kernel: snd_hda_intel 0000:41:00.1: Handle vga_switcheroo audio client
     nov 06 20:43:45 Frida kernel: iwlwifi 0000:04:00.0: Detected Intel(R) Dual Band Wireless AC 8265, REV=0x230
     nov 06 20:43:45 Frida systemd[1]: Found device /sys/subsystem/net/devices/enp5s0.
     nov 06 20:43:45 Frida kernel: AVX2 version of gcm_enc/dec engaged.
     nov 06 20:43:45 Frida kernel: AES CTR mode by8 optimization enabled
     nov 06 20:43:45 Frida kernel: snd_hda_codec_realtek hdaudioC0D0: autoconfig for ALC1220: line_outs=3 (0x14/0x15/0x16/0x0/0x0) type:line
     nov 06 20:43:45 Frida kernel: snd_hda_codec_realtek hdaudioC0D0:    speaker_outs=0 (0x0/0x0/0x0/0x0/0x0)
     nov 06 20:43:45 Frida kernel: snd_hda_codec_realtek hdaudioC0D0:    hp_outs=1 (0x1b/0x0/0x0/0x0/0x0)
     nov 06 20:43:45 Frida kernel: snd_hda_codec_realtek hdaudioC0D0:    mono: mono_out=0x0
     nov 06 20:43:45 Frida kernel: snd_hda_codec_realtek hdaudioC0D0:    dig-out=0x1e/0x0
